
tmcheck -par "ev68020_arbiter_impl1.par" 

bitgen -f "ev68020_arbiter_impl1.t2b" -w "ev68020_arbiter_impl1.ncd"  -jedec "ev68020_arbiter_impl1.prf"


BITGEN: Bitstream Generator Diamond (64-bit) 3.14.0.75.2
Copyright (c) 1991-1994 by NeoCAD Inc. All rights reserved.
Copyright (c) 1995 AT&T Corp.   All rights reserved.
Copyright (c) 1995-2001 Lucent Technologies Inc.  All rights reserved.
Copyright (c) 2001 Agere Systems   All rights reserved.
Copyright (c) 2002-2024 Lattice Semiconductor Corporation,  All rights reserved.


Loading design for application Bitgen from file ev68020_arbiter_impl1.ncd.
Design name: ARBITER_TOP
NCD version: 3.3
Vendor:      LATTICE
Device:      LCMXO2-256HC
Package:     TQFP100
Performance: 4
Loading device for application Bitgen from file 'xo2c256.nph' in environment: C:/tools/diamond_3.14/ispfpga.
Package Status:                     Final          Version 1.41.
Performance Hardware Data Status:   Final          Version 36.4.

Running DRC.
    <postMsg mid="71001181" type="Warning" dynamic="1" navigation="0" arg0="70"  />
    <postMsg mid="71001147" type="Warning" dynamic="1" navigation="0" arg0="SLICE_1"  />
    <postMsg mid="71001147" type="Warning" dynamic="1" navigation="0" arg0="SLICE_2"  />
    <postMsg mid="71001147" type="Warning" dynamic="1" navigation="0" arg0="SLICE_3"  />
    <postMsg mid="71001147" type="Warning" dynamic="1" navigation="0" arg0="SLICE_4"  />
    <postMsg mid="71001147" type="Warning" dynamic="1" navigation="0" arg0="SLICE_5"  />
    <postMsg mid="71001147" type="Warning" dynamic="1" navigation="0" arg0="SLICE_6"  />
    <postMsg mid="71001147" type="Warning" dynamic="1" navigation="0" arg0="SLICE_7"  />
    <postMsg mid="71001147" type="Warning" dynamic="1" navigation="0" arg0="SLICE_8"  />
    <postMsg mid="71001147" type="Warning" dynamic="1" navigation="0" arg0="SLICE_9"  />
    <postMsg mid="71001147" type="Warning" dynamic="1" navigation="0" arg0="SLICE_10"  />
    <postMsg mid="71001147" type="Warning" dynamic="1" navigation="0" arg0="SLICE_11"  />
    <postMsg mid="71001147" type="Warning" dynamic="1" navigation="0" arg0="SLICE_12"  />
    <postMsg mid="71001147" type="Warning" dynamic="1" navigation="0" arg0="SLICE_13"  />
    <postMsg mid="71001147" type="Warning" dynamic="1" navigation="0" arg0="SLICE_14"  />
    <postMsg mid="71001147" type="Warning" dynamic="1" navigation="0" arg0="SLICE_15"  />
    <postMsg mid="71001147" type="Warning" dynamic="1" navigation="0" arg0="SLICE_16"  />
    <postMsg mid="71001147" type="Warning" dynamic="1" navigation="0" arg0="SLICE_17"  />
    <postMsg mid="71001147" type="Warning" dynamic="1" navigation="0" arg0="SLICE_18"  />
DRC detected 0 errors and 89 warnings.
Reading Preference File from ev68020_arbiter_impl1.prf.
    <postMsg mid="1009992" type="Info"    dynamic="1" navigation="0" arg0=" SW_XO3D_SECURITY_ENCRYPTION *NOT* controlled by xo2c00.acd ###"  />
    <postMsg mid="1009992" type="Info"    dynamic="1" navigation="0" arg0=" SW_XO3D_SECURITY_ENCRYPTION license_securityIP OK"  />

Preference Summary:
+---------------------------------+---------------------------------+
|  Preference                     |  Current Setting                |
+---------------------------------+---------------------------------+
|                         RamCfg  |                        Reset**  |
+---------------------------------+---------------------------------+
|                     MCCLK_FREQ  |                         2.08**  |
+---------------------------------+---------------------------------+
|                  CONFIG_SECURE  |                          OFF**  |
+---------------------------------+---------------------------------+
|                          INBUF  |                           ON**  |
+---------------------------------+---------------------------------+
|                      JTAG_PORT  |                       ENABLE**  |
+---------------------------------+---------------------------------+
|                       SDM_PORT  |                      DISABLE**  |
+---------------------------------+---------------------------------+
|                 SLAVE_SPI_PORT  |                      DISABLE**  |
+---------------------------------+---------------------------------+
|                MASTER_SPI_PORT  |                      DISABLE**  |
+---------------------------------+---------------------------------+
|                       I2C_PORT  |                      DISABLE**  |
+---------------------------------+---------------------------------+
|        MUX_CONFIGURATION_PORTS  |                      DISABLE**  |
+---------------------------------+---------------------------------+
|                  CONFIGURATION  |                          CFG**  |
+---------------------------------+---------------------------------+
|                COMPRESS_CONFIG  |                           ON**  |
+---------------------------------+---------------------------------+
|                        MY_ASSP  |                          OFF**  |
+---------------------------------+---------------------------------+
|               ONE_TIME_PROGRAM  |                          OFF**  |
+---------------------------------+---------------------------------+
|                 ENABLE_TRANSFR  |                      DISABLE**  |
+---------------------------------+---------------------------------+
|                  SHAREDEBRINIT  |                      DISABLE**  |
+---------------------------------+---------------------------------+
|            BACKGROUND_RECONFIG  |                          OFF**  |
+---------------------------------+---------------------------------+
 *  Default setting.
 ** The specified setting matches the default setting.


Creating bit map...
 
Bitstream Status: Final           Version 1.95.
 
Saving bit stream in "ev68020_arbiter_impl1.jed".
=========
Padding summary
=========
Padded 60672 bits for this design


Total CPU Time: 2 secs 
Total REAL Time: 3 secs 
Peak Memory Usage: 241 MB
