
Copyright (C) 1994-2023 Synopsys, Inc.
This Synopsys software and all associated documentation are proprietary to Synopsys, Inc.
and may only be used pursuant to the terms and conditions of a written license agreement
with Synopsys, Inc. All other use, reproduction, modification, or distribution of the
Synopsys software or the associated documentation is strictly prohibited.
Tool: Synplify Pro (R)
Build: V-2023.09L-2
Install: C:\tools\diamond_3.14\synpbase
OS: Windows 10 or later
Hostname: 4400JPY

Implementation : impl1

# Written on Mon Jan 13 19:48:19 2025

##### DESIGN INFO #######################################################

Top View:                "ARBITER_TOP"
Constraint File(s):      "C:\Users\Yasuno\Documents\dev\ev68020\pld\LCMXO2-256\impl1\AutoConstraint_ARBITER_TOP.sdc"




##### SUMMARY ############################################################

Found 1 issues in 1 out of 1 constraints


##### DETAILS ############################################################



Clock Relationships
*******************

Starting               Ending                 |     rise to rise     |     fall to fall     |     rise to fall     |     fall to rise                     
---------------------------------------------------------------------------------------------------------------------------------------------------------
System                 System                 |     10.000           |     No paths         |     No paths         |     No paths                         
System                 ARBITER_TOP|PLDCLK     |     19531.250        |     No paths         |     No paths         |     No paths                         
ARBITER_TOP|PLDCLK     System                 |     19531.250        |     No paths         |     No paths         |     No paths                         
=========================================================================================================================================================
 Note: 'No paths' indicates there are no paths in the design for that pair of clock edges.
       'Diff grp' indicates that paths exist but the starting clock and ending clock are in different clock groups.


Unconstrained Start/End Points
******************************

p:A0
p:A1
p:INV_AS
p:INV_CPU
p:INV_DS
p:INV_FC0
p:INV_FC1
p:INV_FC2
p:INV_IACK_AVEC
p:INV_MPU_DSACK0
p:INV_MPU_DSACK1
p:INV_RD
p:INV_SEL_0
p:INV_SEL_1
p:INV_SEL_4toB
p:INV_SEL_C
p:INV_SEL_F
p:INV_WAIT1
p:INV_WAIT2
p:INV_WR
p:INV_WRL
p:INV_WRLL
p:INV_WRLM
p:INV_WRU
p:INV_WRUM
p:INV_WRUU
p:R_W
p:SIZ0
p:SIZ1


Inapplicable constraints
************************

(none)


Applicable constraints with issues
**********************************

define_clock -name ARBITER_TOP|PLDCLK PLDCLK -period 10000000.000 -clockgroup Autoconstr_clkgroup_0 -rise 0.000 -fall 5000000.000 -route 0.000
	@W::"c:/users/yasuno/documents/dev/ev68020/pld/lcmxo2-256/impl1/autoconstraint_arbiter_top.sdc":3:0:3:0|object "PLDCLK" is missing qualifier which may result in undesired results; objects must be of type port (p:), inst (i:), pin (t:), or net (n:)

Constraints with matching wildcard expressions
**********************************************

(none)


Library Report
**************


# End of Constraint Checker Report
