
Copyright (C) 1994-2023 Synopsys, Inc.
This Synopsys software and all associated documentation are proprietary to Synopsys, Inc.
and may only be used pursuant to the terms and conditions of a written license agreement
with Synopsys, Inc. All other use, reproduction, modification, or distribution of the
Synopsys software or the associated documentation is strictly prohibited.
Tool: Synplify Pro (R)
Build: V-2023.09L-2
Install: C:\tools\diamond_3.14\synpbase
OS: Windows 10 or later
Hostname: 4400JPY

Implementation : impl1

# Written on Mon Jan 13 19:48:16 2025

##### FILES SYNTAX CHECKED ##############################################
Constraint File(s):      "C:\Users\Yasuno\Documents\dev\ev68020\pld\LCMXO2-256\impl1\AutoConstraint_ARBITER_TOP.sdc"

#Run constraint checker to find more issues with constraints.
#########################################################################



No issues found in constraint syntax.



Clock Summary
*************

          Start                  Requested     Requested     Clock        Clock                     Clock
Level     Clock                  Frequency     Period        Type         Group                     Load 
---------------------------------------------------------------------------------------------------------
0 -       ARBITER_TOP|PLDCLK     0.1 MHz       19531.250     declared     Autoconstr_clkgroup_0     17   
                                                                                                         
0 -       System                 100.0 MHz     10.000        system       system_clkgroup           0    
=========================================================================================================


Clock Load Summary
******************

                       Clock     Source           Clock Pin       Non-clock Pin     Non-clock Pin
Clock                  Load      Pin              Seq Example     Seq Example       Comb Example 
-------------------------------------------------------------------------------------------------
ARBITER_TOP|PLDCLK     17        PLDCLK(port)     I174.CK         -                 I116.I(IB)   
                                                                                                 
System                 0         -                -               -                 -            
=================================================================================================
