
Copyright (C) 1994-2023 Synopsys, Inc.
This Synopsys software and all associated documentation are proprietary to Synopsys, Inc.
and may only be used pursuant to the terms and conditions of a written license agreement
with Synopsys, Inc. All other use, reproduction, modification, or distribution of the
Synopsys software or the associated documentation is strictly prohibited.
Tool: Synplify Pro (R)
Build: V-2023.09L-2
Install: C:\tools\diamond_3.14\synpbase
OS: Windows 10 or later
Hostname: 4400JPY

Implementation : impl1

# Written on Sat Dec  7 16:49:03 2024

##### FILES SYNTAX CHECKED ##############################################
Constraint File(s):      (none)

#Run constraint checker to find more issues with constraints.
#########################################################################



No issues found in constraint syntax.



Clock Summary
*************

          Start                  Requested     Requested     Clock        Clock               Clock
Level     Clock                  Frequency     Period        Type         Group               Load 
---------------------------------------------------------------------------------------------------
0 -       System                 1.0 MHz       1000.000      system       system_clkgroup     0    
                                                                                                   
0 -       ARBITER_TOP|PLDCLK     1.0 MHz       1000.000      inferred     (multiple)          12   
===================================================================================================


Clock Load Summary
******************

                       Clock     Source           Clock Pin       Non-clock Pin     Non-clock Pin
Clock                  Load      Pin              Seq Example     Seq Example       Comb Example 
-------------------------------------------------------------------------------------------------
System                 0         -                -               -                 -            
                                                                                                 
ARBITER_TOP|PLDCLK     12        PLDCLK(port)     I174.CK         -                 I116.I(IB)   
=================================================================================================
