Running in Lattice mode

                               Synplify Pro (R) 

                 Version V-2023.09L-2 for win64 - Sep 17, 2024 

                    Copyright (c) 1988 - 2024 Synopsys, Inc.
   This software and the associated documentation are proprietary to Synopsys,
 Inc. This software may only be used in accordance with the terms and conditions
 of a written license agreement with Synopsys, Inc. All other use, reproduction,
   or distribution of this software is strictly prohibited.  Licensed Products
     communicate with Synopsys servers for the purpose of providing software
    updates, detecting software piracy and verifying that customers are using
    Licensed Products in conformity with the applicable License Key for such
  Licensed Products. Synopsys will use information gathered in connection with
    this process to deliver software updates and pursue software pirates and
                                   infringers.

 Inclusivity & Diversity - Visit SolvNetPlus to read the "Synopsys Statement on
            Inclusivity and Diversity" (Refer to article 000036315 at
                        https://solvnetplus.synopsys.com)

Starting:    C:\tools\diamond_3.14\synpbase\bin64\mbin\synbatch.exe
Install:     C:\tools\diamond_3.14\synpbase
Hostname:    4400JPY
Date:        Mon Jan 13 19:48:05 2025
Version:     V-2023.09L-2

Arguments:   -product synplify_base -batch ev68020_arbiter_impl1_synplify.tcl
ProductType: synplify_pro





log file: "C:\Users\Yasuno\Documents\dev\ev68020\pld\LCMXO2-256\impl1\ev68020_arbiter_impl1.srr"
Running: hdl_info_gen in foreground

Generating HDL info...
Copied C:\Users\Yasuno\Documents\dev\ev68020\pld\LCMXO2-256\impl1\ev68020_arbiter_impl1.srr to C:\Users\Yasuno\Documents\dev\ev68020\pld\LCMXO2-256\impl1\ev68020_arbiter_impl1.srf

hdl_info_gen completed
# Mon Jan 13 19:48:07 2025

Return Code: 0
Run Time:00h:00m:01s
log file: "C:\Users\Yasuno\Documents\dev\ev68020\pld\LCMXO2-256\impl1\ev68020_arbiter_impl1.srr"
Running: impl1 in foreground

Running proj_1|impl1

Running Flow: compile (Compile) on proj_1|impl1
# Mon Jan 13 19:48:08 2025

Running Flow: compile_flow (Compile Process) on proj_1|impl1
# Mon Jan 13 19:48:08 2025

Running: compiler (Compile Input) on proj_1|impl1
# Mon Jan 13 19:48:08 2025
Copied C:\Users\Yasuno\Documents\dev\ev68020\pld\LCMXO2-256\impl1\synwork\ev68020_arbiter_impl1_comp.srs to C:\Users\Yasuno\Documents\dev\ev68020\pld\LCMXO2-256\impl1\ev68020_arbiter_impl1.srs

compiler completed
# Mon Jan 13 19:48:14 2025

Return Code: 0
Run Time:00h:00m:05s

Running: multi_srs_gen (Multi-srs Generator) on proj_1|impl1
# Mon Jan 13 19:48:14 2025

multi_srs_gen completed
# Mon Jan 13 19:48:15 2025

Return Code: 0
Run Time:00h:00m:00s
Copied C:\Users\Yasuno\Documents\dev\ev68020\pld\LCMXO2-256\impl1\synwork\ev68020_arbiter_impl1_mult.srs to C:\Users\Yasuno\Documents\dev\ev68020\pld\LCMXO2-256\impl1\ev68020_arbiter_impl1.srs
Copied C:\Users\Yasuno\Documents\dev\ev68020\pld\LCMXO2-256\impl1\ev68020_arbiter_impl1.srr to C:\Users\Yasuno\Documents\dev\ev68020\pld\LCMXO2-256\impl1\ev68020_arbiter_impl1.srf
Complete: Compile Process on proj_1|impl1

Running: premap (Premap) on proj_1|impl1
# Mon Jan 13 19:48:15 2025

premap completed with warnings
# Mon Jan 13 19:48:19 2025

Return Code: 1
Run Time:00h:00m:04s
Complete: Compile on proj_1|impl1

Running Flow: map (Map) on proj_1|impl1
# Mon Jan 13 19:48:19 2025
License granted for 4 parallel jobs

Running: fpga_mapper (Map & Optimize) on proj_1|impl1
# Mon Jan 13 19:48:19 2025
Copied C:\Users\Yasuno\Documents\dev\ev68020\pld\LCMXO2-256\impl1\synwork\ev68020_arbiter_impl1_m.srm to C:\Users\Yasuno\Documents\dev\ev68020\pld\LCMXO2-256\impl1\ev68020_arbiter_impl1.srm

fpga_mapper completed with warnings
# Mon Jan 13 19:48:27 2025

Return Code: 1
Run Time:00h:00m:08s
Complete: Map on proj_1|impl1
Copied C:\Users\Yasuno\Documents\dev\ev68020\pld\LCMXO2-256\impl1\ev68020_arbiter_impl1.srr to C:\Users\Yasuno\Documents\dev\ev68020\pld\LCMXO2-256\impl1\ev68020_arbiter_impl1.srf
Complete: Logic Synthesis on proj_1|impl1
TCL script complete: "ev68020_arbiter_impl1_synplify.tcl"
exit status=0
exit status=0
Save changes for project:
C:\Users\Yasuno\Documents\dev\ev68020\pld\LCMXO2-256\impl1\proj_1.prj
batch mode default:no
