###########################################################[

Copyright (C) 1994-2023 Synopsys, Inc.
This Synopsys software and all associated documentation are proprietary to Synopsys, Inc.
and may only be used pursuant to the terms and conditions of a written license agreement
with Synopsys, Inc. All other use, reproduction, modification, or distribution of the
Synopsys software or the associated documentation is strictly prohibited.
Tool: Synplify Pro (R)
Build: V-2023.09L-2
Install: C:\tools\diamond_3.14\synpbase
OS: Windows 10 or later
Hostname: 4400JPY

Implementation : impl1
Synopsys VHDL Compiler, Version comp202309synp1, Build 349R, Built Sep 17 2024 08:16:26, @

@N|Running in 64-bit mode
@N:"C:\Users\Yasuno\Documents\dev\ev68020\pld\LCMXO2-256\impl1\arbiter_top.vhd":8:7:8:17|Top entity is set to ARBITER_TOP.
@N: CD140 :	| Using the VHDL 1993 Standard for file 'C:/tools/diamond_3.14/cae_library/synthesis/vhdl/machxo2.vhd'.
@N: CD140 :	| Using the VHDL 1993 Standard for file 'C:/Users/Yasuno/Documents/dev/ev68020/pld/LCMXO2-256/impl1/arbiter_top.vhd'.

At c_vhdl Exit (Real Time elapsed 0h:00m:00s; CPU Time elapsed 0h:00m:00s; Memory used current: 90MB peak: 90MB)

Process took 0h:00m:01s realtime, 0h:00m:01s cputime

Process completed successfully.
# Mon Jan 13 19:48:07 2025

###########################################################]
