-- all messages logged in file hdlparser.log
-- Analyzing VHDL file 'C:/tools/diamond_3.14/ispfpga/vhdl_packages/standard.vhd' (VHDL-1481)
C:/tools/diamond_3.14/ispfpga/vhdl_packages/standard.vhd(9): INFO: analyzing package 'standard' (VHDL-1014)
-- Analyzing VHDL file 'C:/tools/diamond_3.14/ispfpga/vhdl_packages/std_1164.vhd' (VHDL-1481)
C:/tools/diamond_3.14/ispfpga/vhdl_packages/std_1164.vhd(15): INFO: analyzing package 'std_logic_1164' (VHDL-1014)
C:/tools/diamond_3.14/ispfpga/vhdl_packages/std_1164.vhd(178): INFO: analyzing package body 'std_logic_1164' (VHDL-1013)
-- Analyzing VHDL file 'C:/tools/diamond_3.14/ispfpga/vhdl_packages/mgc_qsim.vhd' (VHDL-1481)
C:/tools/diamond_3.14/ispfpga/vhdl_packages/mgc_qsim.vhd(18): INFO: analyzing package 'qsim_logic' (VHDL-1014)
C:/tools/diamond_3.14/ispfpga/vhdl_packages/mgc_qsim.vhd(753): INFO: analyzing package body 'qsim_logic' (VHDL-1013)
-- Analyzing VHDL file 'C:/tools/diamond_3.14/ispfpga/vhdl_packages/numeric_bit.vhd' (VHDL-1481)
C:/tools/diamond_3.14/ispfpga/vhdl_packages/numeric_bit.vhd(54): INFO: analyzing package 'numeric_bit' (VHDL-1014)
C:/tools/diamond_3.14/ispfpga/vhdl_packages/numeric_bit.vhd(834): INFO: analyzing package body 'numeric_bit' (VHDL-1013)
-- Analyzing VHDL file 'C:/tools/diamond_3.14/ispfpga/vhdl_packages/numeric_std.vhd' (VHDL-1481)
C:/tools/diamond_3.14/ispfpga/vhdl_packages/numeric_std.vhd(57): INFO: analyzing package 'numeric_std' (VHDL-1014)
C:/tools/diamond_3.14/ispfpga/vhdl_packages/numeric_std.vhd(874): INFO: analyzing package body 'numeric_std' (VHDL-1013)
-- Analyzing VHDL file 'C:/tools/diamond_3.14/ispfpga/vhdl_packages/textio.vhd' (VHDL-1481)
C:/tools/diamond_3.14/ispfpga/vhdl_packages/textio.vhd(13): INFO: analyzing package 'textio' (VHDL-1014)
C:/tools/diamond_3.14/ispfpga/vhdl_packages/textio.vhd(114): INFO: analyzing package body 'textio' (VHDL-1013)
-- Analyzing VHDL file 'C:/tools/diamond_3.14/ispfpga/vhdl_packages/std_logic_textio.vhd' (VHDL-1481)
C:/tools/diamond_3.14/ispfpga/vhdl_packages/std_logic_textio.vhd(26): INFO: analyzing package 'std_logic_textio' (VHDL-1014)
C:/tools/diamond_3.14/ispfpga/vhdl_packages/std_logic_textio.vhd(72): INFO: analyzing package body 'std_logic_textio' (VHDL-1013)
-- Analyzing VHDL file 'C:/tools/diamond_3.14/ispfpga/vhdl_packages/syn_attr.vhd' (VHDL-1481)
C:/tools/diamond_3.14/ispfpga/vhdl_packages/syn_attr.vhd(39): INFO: analyzing package 'attributes' (VHDL-1014)
-- Analyzing VHDL file 'C:/tools/diamond_3.14/ispfpga/vhdl_packages/syn_misc.vhd' (VHDL-1481)
C:/tools/diamond_3.14/ispfpga/vhdl_packages/syn_misc.vhd(30): INFO: analyzing package 'std_logic_misc' (VHDL-1014)
C:/tools/diamond_3.14/ispfpga/vhdl_packages/syn_misc.vhd(182): INFO: analyzing package body 'std_logic_misc' (VHDL-1013)
-- Analyzing VHDL file 'C:/tools/diamond_3.14/ispfpga/vhdl_packages/math_real.vhd' (VHDL-1481)
C:/tools/diamond_3.14/ispfpga/vhdl_packages/math_real.vhd(56): INFO: analyzing package 'math_real' (VHDL-1014)
C:/tools/diamond_3.14/ispfpga/vhdl_packages/math_real.vhd(685): INFO: analyzing package body 'math_real' (VHDL-1013)
-- Analyzing VHDL file 'C:/tools/diamond_3.14/ispfpga/vhdl_packages/mixed_lang_vltype.vhd' (VHDL-1481)
C:/tools/diamond_3.14/ispfpga/vhdl_packages/mixed_lang_vltype.vhd(9): INFO: analyzing package 'vl_types' (VHDL-1014)
C:/tools/diamond_3.14/ispfpga/vhdl_packages/mixed_lang_vltype.vhd(88): INFO: analyzing package body 'vl_types' (VHDL-1013)
-- Analyzing VHDL file 'C:/tools/diamond_3.14/ispfpga/vhdl_packages/syn_arit.vhd' (VHDL-1481)
C:/tools/diamond_3.14/ispfpga/vhdl_packages/syn_arit.vhd(25): INFO: analyzing package 'std_logic_arith' (VHDL-1014)
C:/tools/diamond_3.14/ispfpga/vhdl_packages/syn_arit.vhd(206): INFO: analyzing package body 'std_logic_arith' (VHDL-1013)
-- Analyzing VHDL file 'C:/tools/diamond_3.14/ispfpga/vhdl_packages/syn_sign.vhd' (VHDL-1481)
C:/tools/diamond_3.14/ispfpga/vhdl_packages/syn_sign.vhd(35): INFO: analyzing package 'std_logic_signed' (VHDL-1014)
C:/tools/diamond_3.14/ispfpga/vhdl_packages/syn_sign.vhd(96): INFO: analyzing package body 'std_logic_signed' (VHDL-1013)
-- Analyzing VHDL file 'C:/tools/diamond_3.14/ispfpga/vhdl_packages/syn_unsi.vhd' (VHDL-1481)
C:/tools/diamond_3.14/ispfpga/vhdl_packages/syn_unsi.vhd(35): INFO: analyzing package 'std_logic_unsigned' (VHDL-1014)
C:/tools/diamond_3.14/ispfpga/vhdl_packages/syn_unsi.vhd(94): INFO: analyzing package body 'std_logic_unsigned' (VHDL-1013)
-- Analyzing VHDL file 'C:/tools/diamond_3.14/ispfpga/vhdl_packages/synattr.vhd' (VHDL-1481)
C:/tools/diamond_3.14/ispfpga/vhdl_packages/synattr.vhd(50): INFO: analyzing package 'attributes' (VHDL-1014)
-- Analyzing VHDL file 'C:/tools/diamond_3.14/ispfpga/userware/NT/SYNTHESIS_HEADERS/machxo2.vhd' (VHDL-1481)
-- Analyzing VHDL file 'C:/Users/Yasuno/Documents/dev/ev68020/pld/LCMXO2-256/impl1/arbiter_top.vhd' (VHDL-1481)
C:/Users/Yasuno/Documents/dev/ev68020/pld/LCMXO2-256/impl1/arbiter_top.vhd(8): INFO: analyzing entity 'arbiter_top' (VHDL-1012)
C:/Users/Yasuno/Documents/dev/ev68020/pld/LCMXO2-256/impl1/arbiter_top.vhd(42): INFO: analyzing architecture 'schematic' (VHDL-1010)
-- Reading EDIF file C:/Users/Yasuno/Documents/dev/ev68020/pld/LCMXO2-256/impl1/ev68020_arbiter_impl1.edi
-- Creating library LUCENT
-- Creating cell OB
-- Creating cell IB
-- Creating cell FD1S3AX
-- Creating cell FD1S1A
-- Creating cell OR2
-- Creating cell AND2
-- Creating cell GSR
-- Creating cell INV
-- Creating cell VHI
-- Creating cell VLO
-- Creating library work
-- Creating cell ND3
-- Creating cell AND3
-- Creating cell NR2
-- Creating cell NR4
-- Creating cell NR3
-- Creating cell ND2
-- Creating cell ARBITER_TOP
