10 1 1
10 1 1
10 1 1
13 2 256 288 384 288
13 2 480 288 1456 288
13 2 1456 288 2096 288
13 2 2096 288 2832 288
13 2 768 368 1056 368
13 2 1200 384 1488 384
13 2 1712 384 1792 384
13 2 800 400 1056 400
13 2 1936 400 2016 400
13 2 2016 400 2112 400
13 2 2336 400 2432 400
13 2 1456 416 1488 416
13 2 1776 416 1792 416
13 2 2576 416 2624 416
13 2 2720 416 2832 416
13 2 2096 432 2112 432
13 2 2384 432 2432 432
13 2 832 496 1056 496
13 2 1200 512 1216 512
13 2 800 528 1056 528
13 2 1216 544 1248 544
13 2 800 560 976 560
13 2 1120 576 1248 576
13 2 1408 576 1488 576
13 2 1712 576 1792 576
13 2 752 592 976 592
13 2 1936 592 2016 592
13 2 2016 592 2112 592
13 2 2336 592 2432 592
13 2 1216 608 1248 608
13 2 1456 608 1488 608
13 2 1776 608 1792 608
13 2 2576 608 2624 608
13 2 2720 608 2832 608
13 2 848 624 1056 624
13 2 2096 624 2112 624
13 2 2384 624 2432 624
13 2 1200 640 1216 640
13 2 800 656 1056 656
13 2 768 752 976 752
13 2 1120 768 1232 768
13 2 784 784 976 784
13 2 800 848 1072 848
13 2 832 880 1072 880
13 2 864 912 1072 912
13 2 1232 928 1264 928
13 2 848 960 976 960
13 2 1216 960 1264 960
13 2 1424 976 1488 976
13 2 1712 976 1792 976
13 2 816 992 976 992
13 2 1120 992 1264 992
13 2 1936 992 2016 992
13 2 2016 992 2112 992
13 2 2336 992 2432 992
13 2 1456 1008 1488 1008
13 2 1776 1008 1792 1008
13 2 2576 1008 2624 1008
13 2 2720 1008 2832 1008
13 2 800 1024 976 1024
13 2 1216 1024 1264 1024
13 2 2096 1024 2112 1024
13 2 2384 1024 2432 1024
13 2 832 1056 1056 1056
13 2 800 1088 1056 1088
13 2 1200 1088 1216 1088
13 2 752 1120 1056 1120
13 2 752 1152 976 1152
13 2 816 1184 976 1184
13 2 1120 1184 1216 1184
13 2 848 1216 976 1216
13 2 1216 1264 1264 1264
13 2 832 1280 1072 1280
13 2 1216 1296 1264 1296
13 2 864 1312 1072 1312
13 2 1424 1312 1488 1312
13 2 1712 1312 1808 1312
13 2 1216 1328 1264 1328
13 2 1952 1328 2016 1328
13 2 2016 1328 2112 1328
13 2 2336 1328 2432 1328
13 2 1456 1344 1488 1344
13 2 1776 1344 1808 1344
13 2 2576 1344 2624 1344
13 2 2720 1344 2832 1344
13 2 752 1360 976 1360
13 2 1232 1360 1264 1360
13 2 2096 1360 2112 1360
13 2 2384 1360 2432 1360
13 2 1120 1376 1216 1376
13 2 784 1392 976 1392
13 2 784 1424 1072 1424
13 2 1216 1440 1232 1440
13 2 848 1456 1072 1456
13 2 752 1520 1808 1520
13 2 1952 1536 2016 1536
13 2 2016 1536 2112 1536
13 2 2336 1536 2432 1536
13 2 1776 1552 1808 1552
13 2 2576 1552 2624 1552
13 2 2720 1552 2832 1552
13 2 2096 1568 2112 1568
13 2 2384 1568 2432 1568
13 2 832 1600 1264 1600
13 2 848 1632 1264 1632
13 2 1424 1632 1488 1632
13 2 1712 1632 1808 1632
13 2 1952 1648 2016 1648
13 2 2016 1648 2064 1648
13 2 256 1664 384 1664
13 2 480 1664 528 1664
13 2 528 1664 752 1664
13 2 752 1664 1264 1664
13 2 1456 1664 1488 1664
13 2 1776 1664 1808 1664
13 2 528 1712 544 1712
13 2 640 1712 768 1712
13 2 2064 1712 2112 1712
13 2 2336 1712 2432 1712
13 2 2576 1728 2624 1728
13 2 2720 1728 2832 1728
13 2 2096 1744 2112 1744
13 2 2384 1744 2432 1744
13 2 256 1776 384 1776
13 2 480 1776 528 1776
13 2 528 1776 784 1776
13 2 528 1824 544 1824
13 2 640 1824 800 1824
13 2 2016 1824 2096 1824
13 2 256 1888 384 1888
13 2 480 1888 528 1888
13 2 528 1888 816 1888
13 2 528 1936 544 1936
13 2 640 1936 832 1936
13 2 256 2000 384 2000
13 2 480 2000 528 2000
13 2 528 2000 848 2000
13 2 528 2048 544 2048
13 2 640 2048 864 2048
13 2 256 2128 384 2128
13 2 480 2128 1776 2128
13 2 1776 2128 2032 2128
13 2 2256 2128 2416 2128
13 2 2016 2160 2032 2160
13 2 2416 2160 2432 2160
13 2 2576 2176 2640 2176
13 2 2736 2176 2832 2176
13 2 2272 2192 2384 2192
13 2 2384 2192 2432 2192
13 2 256 2304 384 2304
13 2 480 2304 2032 2304
13 2 2256 2304 2272 2304
13 2 2016 2336 2032 2336
13 2 2416 2448 2432 2448
13 2 2576 2464 2640 2464
13 2 2736 2464 2832 2464
13 2 2272 2480 2432 2480
13 2 528 1664 528 1712
13 2 528 1776 528 1824
13 2 528 1888 528 1936
13 2 528 2000 528 2048
13 0 752 592 752 1120
13 2 752 592 752 1120
13 0 752 1120 752 1152
13 2 752 1120 752 1152
13 0 752 1152 752 1360
13 2 752 1152 752 1360
13 0 752 1360 752 1520
13 2 752 1360 752 1520
13 2 752 1520 752 1664
13 0 768 368 768 752
13 2 768 368 768 752
13 2 768 752 768 1712
13 0 784 784 784 1392
13 2 784 784 784 1392
13 0 784 1392 784 1424
13 2 784 1392 784 1424
13 2 784 1424 784 1776
13 0 800 400 800 528
13 2 800 400 800 528
13 0 800 528 800 560
13 2 800 528 800 560
13 0 800 560 800 656
13 2 800 560 800 656
13 0 800 656 800 848
13 2 800 656 800 848
13 0 800 848 800 1024
13 2 800 848 800 1024
13 0 800 1024 800 1088
13 2 800 1024 800 1088
13 2 800 1088 800 1824
13 0 816 992 816 1184
13 2 816 992 816 1184
13 2 816 1184 816 1888
13 0 832 496 832 880
13 2 832 496 832 880
13 0 832 880 832 1056
13 2 832 880 832 1056
13 0 832 1056 832 1280
13 2 832 1056 832 1280
13 0 832 1280 832 1600
13 2 832 1280 832 1600
13 2 832 1600 832 1936
13 0 848 624 848 960
13 2 848 624 848 960
13 0 848 960 848 1216
13 2 848 960 848 1216
13 0 848 1216 848 1456
13 2 848 1216 848 1456
13 0 848 1456 848 1632
13 2 848 1456 848 1632
13 2 848 1632 848 2000
13 0 864 912 864 1312
13 2 864 912 864 1312
13 2 864 1312 864 2048
13 2 1216 512 1216 544
13 2 1216 608 1216 640
13 2 1216 880 1216 960
13 2 1216 1024 1216 1088
13 2 1216 1184 1216 1264
13 2 1216 1328 1216 1376
13 2 1232 768 1232 928
13 2 1232 1360 1232 1440
13 0 1456 288 1456 416
13 2 1456 288 1456 416
13 0 1456 416 1456 608
13 2 1456 416 1456 608
13 0 1456 608 1456 1008
13 2 1456 608 1456 1008
13 0 1456 1008 1456 1344
13 2 1456 1008 1456 1344
13 2 1456 1344 1456 1664
13 0 1776 416 1776 608
13 2 1776 416 1776 608
13 0 1776 608 1776 1008
13 2 1776 608 1776 1008
13 0 1776 1008 1776 1344
13 2 1776 1008 1776 1344
13 0 1776 1344 1776 1552
13 2 1776 1344 1776 1552
13 0 1776 1552 1776 1664
13 2 1776 1552 1776 1664
13 2 1776 1664 1776 2128
13 0 2016 1824 2016 2160
13 2 2016 1824 2016 2160
13 2 2016 2160 2016 2336
13 2 2064 1648 2064 1712
13 0 2096 288 2096 432
13 2 2096 288 2096 432
13 0 2096 432 2096 624
13 2 2096 432 2096 624
13 0 2096 624 2096 1024
13 2 2096 624 2096 1024
13 0 2096 1024 2096 1360
13 2 2096 1024 2096 1360
13 0 2096 1360 2096 1568
13 2 2096 1360 2096 1568
13 0 2096 1568 2096 1744
13 2 2096 1568 2096 1744
13 2 2096 1744 2096 1824
13 0 2272 2192 2272 2304
13 2 2272 2192 2272 2304
13 2 2272 2304 2272 2480
13 0 2384 432 2384 624
13 2 2384 432 2384 624
13 0 2384 624 2384 1024
13 2 2384 624 2384 1024
13 0 2384 1024 2384 1360
13 2 2384 1024 2384 1360
13 0 2384 1360 2384 1568
13 2 2384 1360 2384 1568
13 0 2384 1568 2384 1744
13 2 2384 1568 2384 1744
13 2 2384 1744 2384 2192
13 0 2416 2128 2416 2160
13 2 2416 2128 2416 2160
13 2 2416 2160 2416 2448
13 7 256 288
13 8 256 288 0
13 7 2832 288
13 7 2016 400
13 7 2832 416
13 8 2832 416 0
13 7 2016 592
13 7 2832 608
13 8 2832 608 0
13 7 2016 992
13 7 2832 1008
13 8 2832 1008 0
13 7 2016 1328
13 7 2832 1344
13 8 2832 1344 0
13 7 2016 1536
13 7 2832 1552
13 8 2832 1552 0
13 7 2016 1648
13 7 256 1664
13 8 256 1664 0
13 7 2832 1728
13 8 2832 1728 0
13 7 256 1776
13 8 256 1776 0
13 7 256 1888
13 8 256 1888 0
13 7 256 2000
13 8 256 2000 0
13 7 256 2128
13 8 256 2128 0
13 7 2832 2176
13 8 2832 2176 0
13 7 256 2304
13 8 256 2304 0
13 7 2832 2464
13 8 2832 2464 0
17 0 117
17 0 118
17 0 100
17 0 62
17 0 61
17 0 64
17 0 74
17 0 20
17 0 19
17 0 23
17 0 8
17 0 10
17 0 11
17 0 31
17 0 30
17 0 32
17 0 46
17 0 15
17 0 79
17 0 84
17 0 49
17 0 48
17 0 34
17 0 35
17 0 17
17 0 28
17 0 29
17 0 33
17 0 80
17 0 16
17 0 75
17 0 77
17 0 51
17 0 45
17 0 47
17 0 38
17 0 36
17 0 1
17 0 41
17 0 40
17 0 37
17 0 116
17 0 50
17 0 83
17 0 18
17 0 88
17 0 42
17 0 39
17 0 52
17 0 63
17 0 72
17 0 73
17 0 78
17 0 27
17 0 12
17 0 86
17 0 87
17 0 25
17 0 22
17 0 24
17 0 82
17 0 2
17 0 ib 560 224 0
17 0 ib 560 2240 0
17 0 ib 560 2064 0
17 0 ib 560 1600 0
17 0 ib 560 1712 0
17 0 ib 560 1824 0
17 0 ib 560 1936 0
17 0 ob 2816 2400 0
17 0 ob 2816 2112 0
17 0 ob 2800 1664 0
17 0 ob 2800 1488 0
17 0 ob 2800 1280 0
17 0 ob 2800 944 0
17 0 ob 2800 544 0
17 0 ob 2800 352 0
17 0 nd2 1232 304 0
17 0 nd2 2608 2384 0
17 0 nd2 2608 2096 0
17 0 nd2 2608 336 0
17 0 nd2 2608 528 0
17 0 nd2 2608 928 0
17 0 nd2 2608 1264 0
17 0 nd2 2608 1472 0
17 0 nd2 2608 1648 0
17 0 and2 1232 560 0
17 0 and2 1232 432 0
17 0 and2 1152 688 0
17 0 and2 1248 1360 0
17 0 and2 1152 1296 0
17 0 and2 1248 1216 0
17 0 and2 1152 496 0
17 0 nr3 1424 480 0
17 0 nr3 1440 1536 0
17 0 nr4 1440 864 0
17 0 nr4 1440 1200 0
17 0 nr2 1984 1568 0
17 0 nr2 1984 1248 0
17 0 nr2 1984 1456 0
17 0 nr2 1968 320 0
17 0 nr2 1968 512 0
17 0 nr2 1968 912 0
17 0 and3 1248 784 0
17 0 and3 1152 896 0
17 0 and3 1152 1088 0
17 0 and3 1232 992 0
17 0 fd1s1a 2288 1264 0
17 0 fd1s1a 2288 1472 0
17 0 fd1s1a 2288 1648 0
17 0 fd1s1a 2208 2240 0
17 0 fd1s1a 2208 2064 0
17 0 fd1s1a 2288 336 0
17 0 fd1s1a 2288 528 0
17 0 fd1s1a 2288 928 0
17 0 fd1s1a 1664 912 0
17 0 fd1s1a 1664 1248 0
17 0 fd1s1a 1664 1568 0
17 0 fd1s1a 1664 512 0
17 0 fd1s1a 1664 320 0
17 0 inv 720 1648 0
17 0 inv 720 1984 0
17 0 inv 720 1872 0
17 0 inv 720 1760 0
13 0 432 272 560 272
13 0 656 272 1632 272
13 0 1632 272 2272 272
13 0 2272 272 3008 272
13 0 944 352 1232 352
13 0 1376 368 1664 368
13 0 1888 368 1968 368
13 0 976 384 1232 384
13 0 2112 384 2192 384
13 0 2192 384 2288 384
13 0 2512 384 2608 384
13 0 1632 400 1664 400
13 0 1952 400 1968 400
13 0 2752 400 2800 400
13 0 2896 400 3008 400
13 0 2272 416 2288 416
13 0 2560 416 2608 416
13 0 1008 480 1232 480
13 0 1376 496 1392 496
13 0 976 512 1232 512
13 0 1392 528 1424 528
13 0 976 544 1152 544
13 0 1296 560 1424 560
13 0 1584 560 1664 560
13 0 1888 560 1968 560
13 0 928 576 1152 576
13 0 2112 576 2192 576
13 0 2192 576 2288 576
13 0 2512 576 2608 576
13 0 1392 592 1424 592
13 0 1632 592 1664 592
13 0 1952 592 1968 592
13 0 2752 592 2800 592
13 0 2896 592 3008 592
13 0 1024 608 1232 608
13 0 2272 608 2288 608
13 0 2560 608 2608 608
13 0 1376 624 1392 624
13 0 976 640 1232 640
13 0 944 736 1152 736
13 0 1296 752 1408 752
13 0 960 768 1152 768
13 0 976 832 1248 832
13 0 1008 864 1248 864
13 0 1040 896 1248 896
13 0 1408 912 1440 912
13 0 1024 944 1152 944
13 0 1392 944 1440 944
13 0 1600 960 1664 960
13 0 1888 960 1968 960
13 0 992 976 1152 976
13 0 1296 976 1440 976
13 0 2112 976 2192 976
13 0 2192 976 2288 976
13 0 2512 976 2608 976
13 0 1632 992 1664 992
13 0 1952 992 1968 992
13 0 2752 992 2800 992
13 0 2896 992 3008 992
13 0 976 1008 1152 1008
13 0 1392 1008 1440 1008
13 0 2272 1008 2288 1008
13 0 2560 1008 2608 1008
13 0 1008 1040 1232 1040
13 0 976 1072 1232 1072
13 0 1376 1072 1392 1072
13 0 928 1104 1232 1104
13 0 928 1136 1152 1136
13 0 992 1168 1152 1168
13 0 1296 1168 1392 1168
13 0 1024 1200 1152 1200
13 0 1392 1248 1440 1248
13 0 1008 1264 1248 1264
13 0 1392 1280 1440 1280
13 0 1040 1296 1248 1296
13 0 1600 1296 1664 1296
13 0 1888 1296 1984 1296
13 0 1392 1312 1440 1312
13 0 2128 1312 2192 1312
13 0 2192 1312 2288 1312
13 0 2512 1312 2608 1312
13 0 1632 1328 1664 1328
13 0 1952 1328 1984 1328
13 0 2752 1328 2800 1328
13 0 2896 1328 3008 1328
13 0 928 1344 1152 1344
13 0 1408 1344 1440 1344
13 0 2272 1344 2288 1344
13 0 2560 1344 2608 1344
13 0 1296 1360 1392 1360
13 0 960 1376 1152 1376
13 0 960 1408 1248 1408
13 0 1392 1424 1408 1424
13 0 1024 1440 1248 1440
13 0 928 1504 1984 1504
13 0 2128 1520 2192 1520
13 0 2192 1520 2288 1520
13 0 2512 1520 2608 1520
13 0 1952 1536 1984 1536
13 0 2752 1536 2800 1536
13 0 2896 1536 3008 1536
13 0 2272 1552 2288 1552
13 0 2560 1552 2608 1552
13 0 1008 1584 1440 1584
13 0 1024 1616 1440 1616
13 0 1600 1616 1664 1616
13 0 1888 1616 1984 1616
13 0 2128 1632 2192 1632
13 0 2192 1632 2240 1632
13 0 432 1648 560 1648
13 0 656 1648 704 1648
13 0 704 1648 928 1648
13 0 928 1648 1440 1648
13 0 1632 1648 1664 1648
13 0 1952 1648 1984 1648
13 0 704 1696 720 1696
13 0 816 1696 944 1696
13 0 2240 1696 2288 1696
13 0 2512 1696 2608 1696
13 0 2752 1712 2800 1712
13 0 2896 1712 3008 1712
13 0 2272 1728 2288 1728
13 0 2560 1728 2608 1728
13 0 432 1760 560 1760
13 0 656 1760 704 1760
13 0 704 1760 960 1760
13 0 704 1808 720 1808
13 0 816 1808 976 1808
13 0 2192 1808 2272 1808
13 0 432 1872 560 1872
13 0 656 1872 704 1872
13 0 704 1872 992 1872
13 0 704 1920 720 1920
13 0 816 1920 1008 1920
13 0 432 1984 560 1984
13 0 656 1984 704 1984
13 0 704 1984 1024 1984
13 0 704 2032 720 2032
13 0 816 2032 1040 2032
13 0 432 2112 560 2112
13 0 656 2112 1952 2112
13 0 1952 2112 2208 2112
13 0 2432 2112 2592 2112
13 0 2192 2144 2208 2144
13 0 2592 2144 2608 2144
13 0 2752 2160 2816 2160
13 0 2912 2160 3008 2160
13 0 2448 2176 2560 2176
13 0 2560 2176 2608 2176
13 0 432 2288 560 2288
13 0 656 2288 2208 2288
13 0 2432 2288 2448 2288
13 0 2192 2320 2208 2320
13 0 2592 2432 2608 2432
13 0 2752 2448 2816 2448
13 0 2912 2448 3008 2448
13 0 2448 2464 2608 2464
13 0 704 1648 704 1696
13 0 704 1760 704 1808
13 0 704 1872 704 1920
13 0 704 1984 704 2032
13 0 928 576 928 1104
13 0 928 1104 928 1136
13 0 928 1136 928 1344
13 0 928 1344 928 1504
13 0 928 1504 928 1648
13 0 944 352 944 736
13 0 944 736 944 1696
13 0 960 768 960 1376
13 0 960 1376 960 1408
13 0 960 1408 960 1760
13 0 976 384 976 512
13 0 976 512 976 544
13 0 976 544 976 640
13 0 976 640 976 832
13 0 976 832 976 1008
13 0 976 1008 976 1072
13 0 976 1072 976 1808
13 0 992 976 992 1168
13 0 992 1168 992 1872
13 0 1008 480 1008 864
13 0 1008 864 1008 1040
13 0 1008 1040 1008 1264
13 0 1008 1264 1008 1584
13 0 1008 1584 1008 1920
13 0 1024 608 1024 944
13 0 1024 944 1024 1200
13 0 1024 1200 1024 1440
13 0 1024 1440 1024 1616
13 0 1024 1616 1024 1984
13 0 1040 896 1040 1296
13 0 1040 1296 1040 2032
13 0 1392 496 1392 528
13 0 1392 592 1392 624
13 0 1392 864 1392 944
13 0 1392 1008 1392 1072
13 0 1392 1168 1392 1248
13 0 1392 1312 1392 1360
13 0 1408 752 1408 912
13 0 1408 1344 1408 1424
13 0 1632 272 1632 400
13 0 1632 400 1632 592
13 0 1632 592 1632 992
13 0 1632 992 1632 1328
13 0 1632 1328 1632 1648
13 0 1952 400 1952 592
13 0 1952 592 1952 992
13 0 1952 992 1952 1328
13 0 1952 1328 1952 1536
13 0 1952 1536 1952 1648
13 0 1952 1648 1952 2112
13 0 2192 1808 2192 2144
13 0 2192 2144 2192 2320
13 0 2240 1632 2240 1696
13 0 2272 272 2272 416
13 0 2272 416 2272 608
13 0 2272 608 2272 1008
13 0 2272 1008 2272 1344
13 0 2272 1344 2272 1552
13 0 2272 1552 2272 1728
13 0 2272 1728 2272 1808
13 0 2448 2176 2448 2288
13 0 2448 2288 2448 2464
13 0 2560 416 2560 608
13 0 2560 608 2560 1008
13 0 2560 1008 2560 1344
13 0 2560 1344 2560 1552
13 0 2560 1552 2560 1728
13 0 2560 1728 2560 2176
13 0 2592 2112 2592 2144
13 0 2592 2144 2592 2432
13 5 432 272 PLDCLK
13 5 3008 272 I_PLDCLK
13 5 2192 384 UUDS
13 5 3008 400 INV_WRUU
13 5 2192 576 UMDS
13 5 3008 592 INV_WRUM
13 5 2192 976 LMDS
13 5 3008 992 INV_WRLM
13 5 2192 1312 LLDS
13 5 3008 1328 INV_WRLL
13 5 2192 1520 UDS
13 5 3008 1536 INV_WRU
13 5 2192 1632 LDS
13 5 432 1648 A0
13 5 3008 1712 INV_WRL
13 5 432 1760 A1
13 5 432 1872 SIZ0
13 5 432 1984 SIZ1
13 5 432 2112 INV_DS
13 5 3008 2160 INV_WR
13 5 432 2288 R_W
13 5 3008 2448 INV_RD
13 8 256 288 1
13 8 2832 288 0
13 8 2016 400 0
13 8 2832 416 2
13 8 2016 592 0
13 8 2832 608 2
13 8 2016 992 0
13 8 2832 1008 2
13 8 2016 1328 0
13 8 2832 1344 2
13 8 2016 1536 0
13 8 2832 1552 2
13 8 2016 1648 0
13 8 256 1664 1
13 8 2832 1728 2
13 8 256 1776 1
13 8 256 1888 1
13 8 256 2000 1
13 8 256 2128 1
13 8 2832 2176 2
13 8 256 2304 1
13 8 2832 2464 2
13 8 432 272 1
13 8 3008 272 0
13 8 2192 384 0
13 8 3008 400 2
13 8 2192 576 0
13 8 3008 592 2
13 8 2192 976 0
13 8 3008 992 2
13 8 2192 1312 0
13 8 3008 1328 2
13 8 2192 1520 0
13 8 3008 1536 2
13 8 2192 1632 0
13 8 432 1648 1
13 8 3008 1712 2
13 8 432 1760 1
13 8 432 1872 1
13 8 432 1984 1
13 8 432 2112 1
13 8 3008 2160 2
13 8 432 2288 1
13 8 3008 2448 2
