10 1 1
10 1 1
10 1 1
17 0 inv 768 1664 0
17 0 inv 848 1760 0
17 0 inv 864 1872 0
17 0 inv 864 1984 0
17 0 100
17 0 inv 848 1664 0
13 0 944 1712 960 1712
13 0 944 1808 960 1808
13 2 944 1712 1040 1712
17 0 100
17 0 inv 816 1664 0
13 0 912 1712 1040 1712
13 2 944 1808 1072 1808
17 0 116
17 0 inv 816 1760 0
13 0 912 1808 1072 1808
13 2 960 1920 1104 1920
17 0 117
17 0 inv 816 1872 0
13 0 912 1920 1104 1920
13 2 960 2032 1136 2032
17 0 118
17 0 inv 816 1984 0
13 0 912 2032 1136 2032
13 0 816 1712 800 1712
13 0 800 1712 800 1664
13 0 816 1808 800 1808
13 0 800 1808 800 1776
13 0 816 1920 800 1920
13 0 800 1920 800 1888
13 0 816 2032 800 2032
13 0 800 2032 800 2000
13 0 1136 2000 1136 1312
13 2 1136 1312 1136 2000
13 2 1136 2000 1136 2032
13 0 1136 2032 1136 1312
13 2 800 2032 816 2032
13 2 912 2032 1136 2032
17 0 118
17 0 inv 816 2000 0
13 0 816 2048 816 2032
13 0 800 2032 816 2032
13 0 912 2048 912 2032
13 0 912 2032 1136 2032
13 2 800 2032 816 2032
13 2 816 2032 816 2048
13 0 816 2048 800 2048
13 0 800 2048 800 2032
13 0 928 2032 1136 2032
13 2 928 2032 1136 2032
13 2 912 2032 928 2032
13 0 928 2048 912 2048
13 0 912 2048 912 2032
13 0 928 2048 1136 2048
13 0 1136 2048 1136 2032
13 2 800 1920 816 1920
13 2 912 1920 1104 1920
17 0 117
17 0 inv 816 1888 0
13 0 816 1936 816 1920
13 0 800 1920 816 1920
13 0 912 1936 912 1920
13 0 912 1920 1104 1920
13 2 800 1808 816 1808
13 2 912 1808 1072 1808
17 0 116
17 0 inv 816 1776 0
13 0 816 1824 816 1808
13 0 800 1808 816 1808
13 0 912 1824 912 1808
13 0 912 1808 1072 1808
13 2 800 1808 816 1808
13 2 816 1808 816 1824
13 0 816 1824 800 1824
13 0 800 1824 800 1808
13 2 800 1920 816 1920
13 2 800 1888 800 1920
13 0 800 1936 800 1888
13 0 800 1936 816 1936
13 0 816 1936 816 1920
13 0 928 1920 1104 1920
13 2 928 1920 1104 1920
13 2 912 1920 928 1920
13 0 928 1936 912 1936
13 0 912 1936 912 1920
13 0 928 1936 1104 1936
13 0 1104 1936 1104 1920
13 0 944 1808 1072 1808
13 2 944 1808 1072 1808
13 2 912 1808 944 1808
13 0 944 1824 912 1824
13 0 912 1824 912 1808
13 0 944 1824 1072 1824
13 0 1072 1824 1072 1808
13 2 912 1808 912 1824
13 2 912 1920 912 1936
13 2 912 2032 912 2048
13 2 816 1920 816 1936
10 1 2
13 2 1680 544 1696 544
13 2 1536 1568 1568 1568
13 2 1792 1568 1888 1568
13 2 1552 1600 1568 1600
17 0 55
17 0 fd1s3ax 1600 1520 0
13 0 1536 1568 1600 1568
13 0 1824 1568 1888 1568
13 0 1584 1600 1600 1600
13 0 1552 1600 1584 1600
13 2 1536 1200 1568 1200
13 2 1792 1200 1888 1200
13 2 1552 1232 1568 1232
17 0 54
17 0 fd1s3ax 1600 1152 0
13 0 1536 1200 1600 1200
13 0 1824 1200 1888 1200
13 0 1584 1232 1600 1232
13 0 1552 1232 1584 1232
13 2 1040 544 1568 544
13 2 1792 544 1888 544
13 2 1552 576 1568 576
17 0 53
17 0 fd1s3ax 1600 496 0
13 0 1040 544 1600 544
13 0 1824 544 1888 544
13 0 1584 576 1600 576
13 0 1552 576 1584 576
13 2 880 384 1568 384
13 2 1792 384 1888 384
13 2 1552 416 1568 416
17 0 94
17 0 fd1s3ax 1600 336 0
13 0 880 384 1600 384
13 0 1824 384 1888 384
13 0 1584 416 1600 416
13 0 1552 416 1584 416
13 2 1824 1568 1888 1568
13 2 1984 1568 2000 1568
17 0 98
17 0 ob 1872 1520 0
13 0 1824 1568 1872 1568
13 0 1968 1568 2000 1568
13 2 1824 1200 1888 1200
13 2 1984 1200 2000 1200
17 0 97
17 0 ob 1872 1152 0
13 0 1824 1200 1872 1200
13 0 1968 1200 2000 1200
13 2 1824 544 1888 544
13 2 1984 544 2000 544
17 0 96
17 0 ob 1872 496 0
13 0 1824 544 1872 544
13 0 1968 544 2000 544
13 2 1824 384 1888 384
13 2 1984 384 2000 384
17 0 95
17 0 ob 1872 336 0
13 0 1824 384 1872 384
13 0 1968 384 2000 384
17 0 tsall 1776 144 0
17 0 tsall 1840 144 0
17 0 112
17 0 120
17 0 tsall 1984 336 0
17 0 113
17 0 119
17 0 tsall 1984 496 0
17 0 120
17 0 119
17 0 115
17 0 114
10 1 1
17 0 6
17 0 4
17 0 5
17 0 3
17 0 7
17 0 9
17 0 81
17 0 21
10 1 2
17 0 99
17 0 101
17 0 102
17 0 104
17 0 105
17 0 106
17 0 107
17 0 68
17 0 109
17 0 110
17 0 111
10 1 1
17 0 13
17 0 25
17 0 86
17 0 12
17 0 2
17 0 8
17 0 23
17 0 ibpd 320 1888 0
17 0 ibpd 320 2032 0
17 0 26
17 0 23
17 0 ibpd 640 1840 0
17 0 14
17 0 8
17 0 ibpd 640 1952 0
17 0 23
17 0 ibpd 656 1840 0
17 0 8
17 0 ibpd 672 1952 0
13 0 608 2000 656 2000
13 2 608 2000 656 2000
13 2 528 2000 608 2000
13 0 592 1888 656 1888
13 2 592 1888 656 1888
13 2 528 1888 592 1888
17 0 23
17 0 ibpd 640 1840 0
17 0 8
17 0 ibpd 640 1952 0
13 0 640 1888 528 1888
13 0 640 2000 528 2000
13 2 1120 896 1136 896
13 2 1104 896 1120 896
13 0 1104 896 1104 496
13 2 1104 496 1104 896
13 2 1104 896 1104 1056
13 0 1104 896 1104 1056
13 0 1104 496 1104 896
13 0 1104 896 1120 896
13 2 1104 896 1120 896
13 0 1120 896 1120 624
13 2 1120 624 1120 896
13 2 1120 896 1120 960
13 0 1120 624 1120 960
13 0 1136 896 1104 896
17 0 8
17 0 23
17 0 ib 656 1840 0
17 0 ib 656 1952 0
13 0 656 1888 640 1888
13 0 656 2000 640 2000
13 0 848 2208 848 1872
