10 1 1
10 1 1
10 1 1
17 0 82
17 0 ib 656 240 0
17 0 ib 656 1648 0
17 0 ib 656 1712 0
17 0 ib 656 1776 0
17 0 ib 672 1840 0
17 0 ib 656 1984 0
17 0 ib 656 2160 0
17 0 26
17 0 ib 656 1840 0
13 0 752 1696 784 1696
13 2 752 1696 784 1696
13 0 752 1760 784 1760
13 2 752 1760 784 1760
13 0 752 1824 784 1824
13 2 752 1824 784 1824
13 0 752 1888 784 1888
13 2 752 1888 784 1888
13 0 752 2032 784 2032
13 2 752 2032 784 2032
13 0 752 2208 784 2208
13 2 752 2208 784 2208
17 0 20
17 0 19
17 0 26
17 0 14
17 0 24
17 0 22
17 0 ib 656 2160 0
17 0 ib 656 1984 0
17 0 ib 656 1840 0
17 0 ib 656 1776 0
17 0 ib 656 1712 0
17 0 ib 656 1648 0
13 0 752 1696 784 1696
13 0 752 1760 784 1760
13 0 752 1824 784 1824
13 0 752 1888 784 1888
13 0 752 2032 784 2032
13 0 752 2208 784 2208
17 0 tsall 656 240 0
17 0 tsall 656 240 0
17 0 tsall 656 240 0
17 0 tsall 656 240 0
17 0 tsall 656 240 0
17 0 tsall 656 240 0
17 0 tsall 656 240 0
17 0 tsall 640 240 0
17 0 tsall 656 1648 0
13 2 528 2032 560 2032
13 2 752 2032 1712 2032
13 2 1712 2032 1968 2032
13 2 2128 2032 2176 2032
13 2 2304 2032 2352 2032
13 2 2352 2064 2368 2064
13 2 2496 2080 2544 2080
13 2 2736 2080 2768 2080
13 2 1952 2096 1968 2096
13 2 2144 2096 2176 2096
13 2 2304 2096 2320 2096
13 2 2320 2096 2368 2096
13 2 528 2208 560 2208
13 2 752 2208 1968 2208
13 2 2128 2208 2144 2208
13 2 1952 2272 1968 2272
13 2 2352 2352 2368 2352
13 2 2496 2368 2544 2368
13 2 2736 2368 2768 2368
13 2 2144 2384 2368 2384
13 0 1712 1952 1712 2032
13 2 1712 1952 1712 2032
13 0 1952 1952 1952 2096
13 2 1952 1952 1952 2096
13 2 1952 2096 1952 2272
13 0 2144 2096 2144 2208
13 2 2144 2096 2144 2208
13 2 2144 2208 2144 2384
13 0 2320 1952 2320 2096
13 2 2320 1952 2320 2096
13 0 2352 2032 2352 2064
13 2 2352 2032 2352 2064
13 2 2352 2064 2352 2352
13 7 528 2032
13 8 528 2032 0
13 7 2768 2080
13 8 2768 2080 0
13 7 528 2208
13 8 528 2208 0
13 7 2768 2368
13 8 2768 2368 0
17 0 22
17 0 24
17 0 ib 656 2256 0
17 0 ib 656 2080 0
13 0 528 2128 560 2128
13 0 752 2128 1712 2128
13 0 1712 2128 1968 2128
13 0 2128 2128 2176 2128
13 0 2304 2128 2352 2128
13 0 2352 2160 2368 2160
13 0 2496 2176 2544 2176
13 0 2736 2176 2768 2176
13 0 1952 2192 1968 2192
13 0 2144 2192 2176 2192
13 0 2304 2192 2320 2192
13 0 2320 2192 2368 2192
13 0 528 2304 560 2304
13 0 752 2304 1968 2304
13 0 2128 2304 2144 2304
13 0 1952 2368 1968 2368
13 0 2352 2448 2368 2448
13 0 2496 2464 2544 2464
13 0 2736 2464 2768 2464
13 0 2144 2480 2368 2480
13 0 1712 2048 1712 2128
13 0 1952 2048 1952 2192
13 0 1952 2192 1952 2368
13 0 2144 2192 2144 2304
13 0 2144 2304 2144 2480
13 0 2320 2048 2320 2192
13 0 2352 2128 2352 2160
13 0 2352 2160 2352 2448
13 5 528 2128 INV_DS
13 5 2768 2176 INV_WR
13 5 528 2304 R_W
13 5 2768 2464 INV_RD
13 8 528 2032 1
13 8 2768 2080 2
13 8 528 2208 1
13 8 2768 2368 2
13 8 528 2128 1
13 8 2768 2176 2
13 8 528 2304 1
13 8 2768 2464 2
13 0 1712 1952 1712 2048
13 0 1952 1952 1952 2048
13 0 2320 1952 2320 2048
13 0 464 1616 528 1616
13 0 528 1616 528 1600
13 0 496 1616 528 1616
13 2 496 1616 528 1616
13 2 464 1616 496 1616
13 2 528 1600 528 1616
13 2 832 1664 1024 1664
13 2 528 1696 560 1696
13 2 752 1696 832 1696
13 2 832 1728 1056 1728
13 2 832 1664 832 1696
13 2 832 1728 832 1760
13 7 528 1696
13 8 528 1696 0
17 0 20
17 0 ib 656 1616 0
13 0 864 1632 832 1632
13 0 864 1632 864 1664
13 0 864 1664 1024 1664
13 0 528 1664 560 1664
13 0 752 1664 832 1664
13 0 848 1696 832 1696
13 0 848 1696 848 1728
13 0 848 1728 1056 1728
13 0 832 1632 832 1664
13 0 832 1696 832 1712
13 0 832 1712 832 1760
13 5 528 1664 A0
13 8 528 1696 1
13 8 528 1664 1
13 0 848 1632 864 1632
13 2 848 1632 864 1632
13 2 832 1632 848 1632
13 0 848 1664 832 1664
13 0 832 1664 832 1632
13 0 848 1664 864 1664
13 0 864 1664 864 1632
13 0 832 1648 832 1632
13 2 832 1632 832 1648
13 2 832 1648 832 1664
13 0 864 1648 864 1632
13 2 864 1632 864 1648
13 2 864 1648 864 1664
13 2 832 1856 1120 1856
13 2 528 1888 560 1888
13 2 752 1888 832 1888
13 2 960 1888 1136 1888
13 2 832 1856 832 1888
13 2 1120 1632 1120 1856
13 2 1136 1312 1136 1888
13 7 528 1888
13 8 528 1888 0
17 0 14
17 0 ib 656 1952 0
13 0 832 1968 1120 1968
13 0 528 2000 560 2000
13 0 752 2000 832 2000
13 0 960 2000 1136 2000
13 0 832 1968 832 2000
13 0 1120 1952 1120 1968
13 0 1120 1632 1120 1952
13 0 1136 1952 1136 2000
13 0 1136 1936 1136 1952
13 0 1136 1312 1136 1936
13 5 528 2000 SIZ1
13 8 528 1888 1
13 8 528 2000 1
13 2 832 1792 1088 1792
13 2 528 1824 560 1824
13 2 752 1824 832 1824
13 2 960 1824 1104 1824
13 2 832 1792 832 1824
13 2 1088 1184 1088 1792
13 2 1104 1600 1104 1824
13 2 1120 1632 1120 1968
13 7 528 1824
13 8 528 1824 0
17 0 26
17 0 ib 656 1840 0
13 0 832 1856 1088 1856
13 0 528 1888 560 1888
13 0 752 1888 832 1888
13 0 960 1888 1104 1888
13 0 832 1856 832 1888
13 0 1088 1184 1088 1856
13 0 1104 1856 1104 1888
13 0 1104 1840 1104 1856
13 0 1104 1600 1104 1840
13 0 1120 1856 1120 1920
13 0 1120 1824 1120 1856
13 0 1120 1632 1120 1824
13 0 1120 1856 1120 1920
13 0 1120 1920 1120 1968
13 5 528 1888 SIZ0
13 8 528 1824 1
13 8 528 1888 1
13 2 832 1696 848 1696
13 2 960 1696 1040 1696
13 2 848 1728 1056 1728
13 2 528 1760 560 1760
13 2 752 1760 832 1760
13 2 960 1760 1072 1760
13 2 832 1696 832 1760
13 2 848 1696 848 1728
13 2 1040 800 1040 1696
13 2 1056 1424 1056 1728
13 2 1072 1088 1072 1760
13 2 1088 1184 1088 1856
13 7 528 1760
13 8 528 1760 0
17 0 19
17 0 ib 656 1728 0
13 0 832 1712 848 1712
13 0 960 1712 1040 1712
13 0 848 1744 1056 1744
13 0 528 1776 560 1776
13 0 752 1776 832 1776
13 0 960 1776 1072 1776
13 0 832 1712 832 1776
13 0 848 1712 848 1744
13 0 1040 800 1040 1712
13 0 1056 1712 1056 1744
13 0 1056 1696 1056 1712
13 0 1056 1424 1056 1696
13 0 1072 1712 1072 1776
13 0 1072 1680 1072 1712
13 0 1072 1088 1072 1680
13 0 1088 1712 1088 1808
13 0 1088 1664 1088 1712
13 0 1088 1184 1088 1664
13 0 1088 1712 1088 1808
13 0 1088 1808 1088 1856
13 5 528 1776 A1
13 8 528 1760 1
13 8 528 1776 1
13 2 832 1712 848 1712
13 2 848 1712 848 1744
13 0 848 1744 832 1744
13 0 832 1744 832 1712
13 0 832 1728 832 1712
13 2 832 1712 832 1728
13 2 832 1728 832 1744
13 0 992 1776 1072 1776
13 2 992 1776 1072 1776
13 2 960 1776 992 1776
13 0 992 1808 960 1808
13 0 960 1808 960 1776
13 0 992 1808 1072 1808
13 0 1072 1808 1072 1776
13 0 960 1792 960 1776
13 2 960 1776 960 1792
13 2 960 1792 960 1808
13 0 992 1888 1104 1888
13 2 992 1888 1104 1888
13 2 960 1888 992 1888
13 0 992 1920 960 1920
13 0 960 1920 960 1888
13 0 992 1920 1104 1920
13 0 1104 1920 1104 1888
13 0 960 1904 960 1888
13 2 960 1888 960 1904
13 2 960 1904 960 1920
13 0 1008 2000 1136 2000
13 2 1008 2000 1136 2000
13 2 960 2000 1008 2000
13 0 1008 2032 960 2032
13 0 960 2032 960 2000
13 0 1008 2032 1136 2032
13 0 1136 2032 1136 2000
13 0 960 2016 960 2000
13 2 960 2000 960 2016
13 2 960 2016 960 2032
13 0 944 1968 1120 1968
13 2 944 1968 1120 1968
13 2 832 1968 944 1968
13 0 944 2000 832 2000
13 0 832 2000 832 1968
13 0 944 2000 1120 2000
13 0 1120 2000 1120 1968
13 0 832 1984 832 1968
13 2 832 1968 832 1984
13 2 832 1984 832 2000
13 0 896 1856 1088 1856
13 2 896 1856 1088 1856
13 2 832 1856 896 1856
13 0 896 1888 832 1888
13 0 832 1888 832 1856
13 0 896 1888 1088 1888
13 0 1088 1888 1088 1856
13 0 832 1872 832 1856
13 2 832 1856 832 1872
13 2 832 1872 832 1888
13 0 928 1744 1056 1744
13 2 928 1744 1056 1744
13 2 832 1744 928 1744
13 0 928 1776 832 1776
13 0 832 1776 832 1744
13 0 928 1776 1056 1776
13 0 1056 1776 1056 1744
13 0 832 1760 832 1744
13 2 832 1744 832 1760
13 2 832 1760 832 1776
17 0 tsall 656 1616 0
17 0 tsall 560 1616 0
17 0 tsall 560 1728 0
17 0 tsall 560 1840 0
17 0 tsall 560 1952 0
17 0 tsall 560 2080 0
17 0 tsall 560 2256 0
17 0 tsall 2736 2416 0
17 0 tsall 2736 2128 0
17 0 tsall 2720 1680 0
17 0 tsall 2720 1520 0
17 0 tsall 2720 1296 0
17 0 tsall 2720 960 0
17 0 tsall 2720 560 0
17 0 tsall 2720 368 0
17 0 tsall 2720 1616 0
17 0 18
17 0 3
17 0 tsall 2720 1504 0
17 0 ob 2624 1296 0
17 0 ob 2624 1296 0
17 0 ob 2624 1296 0
17 0 ob 2624 1296 0
17 0 ob 2624 1296 0
17 0 ob 2592 1296 0
17 0 ob 2592 1504 0
17 0 ob 2592 1680 0
17 0 ob 2608 2128 0
17 0 ob 2608 2416 0
17 0 ob 2592 960 0
17 0 nd2 1328 320 0
17 0 and2 1488 416 0
17 0 and2 1328 512 0
17 0 and2 1328 576 0
17 0 and2 1328 752 0
17 0 and2 1328 848 0
17 0 and2 1328 1232 0
17 0 and2 1328 1312 0
17 0 and2 1328 1376 0
17 0 and2 1168 800 0
13 2 1072 848 1168 848
13 2 1296 864 1312 864
13 2 1104 880 1168 880
13 2 1312 896 1328 896
13 2 1312 864 1312 896
17 0 87
17 0 and2 1152 816 0
13 0 1152 864 1152 848
13 0 1072 848 1152 848
13 0 1280 880 1296 880
13 0 1136 896 1152 896
13 0 1136 896 1136 880
13 0 1104 880 1136 880
13 0 1296 912 1296 896
13 0 1296 896 1328 896
13 0 1296 880 1296 912
13 2 1296 896 1296 912
13 2 1104 880 1136 880
13 0 1104 880 1120 880
13 2 1104 880 1120 880
13 2 1136 880 1136 896
13 0 1136 896 1104 896
13 0 1136 848 1152 848
13 2 1136 848 1152 848
13 2 1072 848 1136 848
13 0 1136 864 1072 864
13 0 1072 864 1072 848
13 0 1136 864 1152 864
13 0 1152 864 1152 848
13 2 1152 848 1152 864
13 2 1040 368 1328 368
13 2 1456 384 1472 384
13 2 1472 384 1744 384
13 2 1072 400 1328 400
17 0 15
17 0 nd2 1328 320 0
13 0 1040 368 1328 368
13 0 1456 384 1472 384
13 0 1472 384 1744 384
13 0 1312 400 1328 400
13 0 1072 400 1312 400
13 2 1040 368 1328 368
13 2 1456 384 1472 384
13 2 1472 384 1744 384
13 2 1072 400 1328 400
17 0 15
17 0 nd2 1328 320 0
13 0 1040 368 1328 368
13 0 1456 384 1472 384
13 0 1472 384 1744 384
13 0 1312 400 1328 400
13 0 1072 400 1312 400
17 0 15
17 0 nd2 1328 288 0
13 0 1472 384 1744 384
13 2 1472 384 1744 384
13 2 1456 384 1472 384
17 0 15
17 0 nd2 1328 320 0
17 0 16
17 0 and2 1328 448 0
13 2 1472 512 1488 512
13 2 1488 512 1488 544
17 0 16
17 0 and2 1328 432 0
13 2 1456 512 1472 512
17 0 16
17 0 and2 1328 448 0
13 0 1488 624 1488 608
13 2 1488 608 1488 624
13 2 1488 624 1488 640
13 2 1472 640 1488 640
13 2 1456 640 1472 640
13 0 1504 576 1520 576
13 2 1504 576 1520 576
13 2 1472 576 1504 576
17 0 17
17 0 and2 1456 400 0
13 2 1456 576 1472 576
17 0 17
17 0 and2 1328 512 0
17 0 nr3 1504 480 0
17 0 nr3 1536 1536 0
17 0 nr4 1520 1200 0
17 0 nr4 1520 864 0
13 0 1696 976 1744 976
13 2 1696 976 1744 976
13 2 1664 976 1696 976
17 0 38
17 0 nr4 1536 880 0
13 0 1696 1312 1760 1312
13 2 1696 1312 1760 1312
13 2 1680 1312 1696 1312
17 0 36
17 0 nr4 1536 1200 0
13 0 1504 1264 1552 1264
13 2 1504 1264 1552 1264
13 2 1488 1264 1504 1264
13 0 1504 1296 1552 1296
13 2 1504 1296 1552 1296
13 2 1472 1296 1504 1296
13 0 1504 1328 1552 1328
13 2 1504 1328 1552 1328
13 2 1488 1328 1504 1328
13 0 1520 1360 1552 1360
13 2 1520 1360 1552 1360
13 2 1504 1360 1520 1360
17 0 36
17 0 nr4 1536 1216 0
13 0 1680 576 1744 576
13 2 1680 576 1744 576
13 2 1648 576 1680 576
17 0 34
17 0 nr3 1520 496 0
13 0 1520 576 1472 576
17 0 nr2 1728 352 0
17 0 nr2 1728 544 0
17 0 nr2 1728 944 0
17 0 nr2 1744 1280 0
17 0 nr2 1744 1488 0
17 0 nr2 1744 1600 0
13 0 1696 1632 1760 1632
13 2 1696 1632 1760 1632
13 2 1680 1632 1696 1632
17 0 1
17 0 nr2 1744 1584 0
13 0 1728 1664 1744 1664
13 2 1728 1664 1744 1664
13 2 1712 1664 1728 1664
17 0 1
17 0 nr2 1744 1600 0
13 2 1744 1664 1760 1664
17 0 1
17 0 nr2 1744 1584 0
13 0 1744 1632 1696 1632
13 0 1696 1632 1696 1616
13 0 1728 1552 1760 1552
13 2 1728 1552 1760 1552
13 2 1712 1552 1728 1552
13 0 1728 1344 1760 1344
13 2 1728 1344 1760 1344
13 2 1712 1344 1728 1344
17 0 41
17 0 nr2 1744 1264 0
13 0 1648 1520 1760 1520
13 2 1648 1520 1760 1520
13 2 1024 1520 1648 1520
17 0 40
17 0 nr2 1744 1472 0
13 0 1744 1520 1024 1520
13 2 1696 1632 1744 1632
13 2 1696 1616 1696 1632
17 0 35
17 0 nr3 1536 1552 0
13 0 1696 1648 1696 1632
13 0 1696 1632 1744 1632
13 0 1696 1632 1696 1648
13 2 1696 1632 1696 1648
13 0 1200 1664 1536 1664
13 2 1200 1664 1536 1664
13 2 1088 1664 1200 1664
13 2 1024 1664 1088 1664
13 0 1024 1664 1072 1664
13 2 1024 1664 1072 1664
13 0 1024 1664 1552 1664
13 0 1408 1600 1536 1600
13 2 1408 1600 1536 1600
13 2 1104 1600 1408 1600
13 0 1376 1632 1536 1632
13 2 1376 1632 1536 1632
13 2 1120 1632 1376 1632
13 0 1376 1664 1536 1664
13 2 1376 1664 1536 1664
13 2 1024 1664 1376 1664
17 0 35
17 0 nr3 1536 1536 0
13 2 1536 1600 1552 1600
13 2 1536 1632 1552 1632
13 2 1536 1664 1552 1664
17 0 35
17 0 nr3 1536 1552 0
13 0 1536 1664 1024 1664
13 0 1536 1632 1120 1632
13 0 1536 1600 1104 1600
13 2 1056 1424 1328 1424
13 2 1456 1440 1472 1440
13 2 1472 1440 1504 1440
13 2 1120 1456 1328 1456
17 0 33
17 0 and2 1312 1376 0
13 0 1056 1424 1312 1424
13 0 1440 1440 1456 1440
13 0 1456 1440 1504 1440
13 0 1296 1456 1312 1456
13 0 1120 1456 1296 1456
13 2 1056 1424 1312 1424
13 2 1440 1440 1456 1440
13 2 1456 1440 1504 1440
13 2 1120 1456 1312 1456
17 0 33
17 0 and2 1328 1376 0
13 0 1056 1424 1328 1424
13 0 1456 1440 1472 1440
13 0 1472 1440 1504 1440
13 0 1312 1456 1328 1456
13 0 1120 1456 1312 1456
13 0 1488 1440 1504 1440
13 2 1488 1440 1504 1440
13 2 1472 1440 1488 1440
13 2 1472 1376 1488 1376
13 2 1456 1376 1472 1376
13 2 1056 1424 1328 1424
13 2 1456 1440 1472 1440
13 2 1120 1456 1328 1456
17 0 33
17 0 and2 1328 1392 0
13 0 1328 1440 1328 1424
13 0 1056 1424 1328 1424
13 0 1456 1456 1472 1456
13 0 1312 1472 1328 1472
13 0 1312 1472 1312 1456
13 0 1120 1456 1312 1456
13 2 1120 1456 1312 1456
13 2 1312 1456 1312 1472
13 2 1312 1472 1328 1472
13 2 1456 1456 1472 1456
13 2 1056 1424 1328 1424
13 2 1328 1424 1328 1440
17 0 33
17 0 and2 1328 1376 0
13 0 1120 1456 1328 1456
13 0 1456 1440 1472 1440
13 0 1056 1424 1328 1424
17 0 33
17 0 and2 1328 1392 0
17 0 29
17 0 and2 1328 1328 0
13 2 1456 1440 1472 1440
17 0 29
17 0 and2 1328 1312 0
17 0 33
17 0 and2 1328 1376 0
13 0 1472 1440 1504 1440
13 0 1472 1376 1488 1376
17 0 28
17 0 and2 1328 1216 0
13 2 1456 1296 1472 1296
13 0 1472 1184 1488 1184
13 2 1472 1184 1488 1184
13 2 1456 1184 1472 1184
13 0 1472 1088 1488 1088
13 2 1472 1088 1488 1088
13 2 1456 1088 1472 1088
13 0 1472 992 1536 992
13 2 1472 992 1536 992
13 2 1456 992 1472 992
17 0 27
17 0 and2 1328 864 0
13 2 1456 912 1488 912
13 2 1488 912 1488 960
17 0 27
17 0 and2 1328 848 0
13 0 1472 912 1488 912
13 0 1488 912 1488 960
13 0 1504 1360 1536 1360
13 0 1536 1328 1488 1328
17 0 28
17 0 and2 1328 1232 0
13 0 1536 1296 1472 1296
13 0 1536 1264 1488 1264
13 0 1488 1216 1488 1184
13 2 1488 1184 1488 1264
17 0 80
17 0 and2 1328 736 0
13 0 1472 832 1472 816
13 2 1472 816 1472 832
13 2 1472 832 1472 848
13 2 1456 816 1472 816
17 0 80
17 0 and2 1328 752 0
13 0 1472 816 1504 816
13 0 1504 816 1504 848
13 2 1472 848 1504 848
13 0 1472 512 1488 512
13 0 1488 512 1488 544
13 0 1472 640 1488 640
13 0 1488 640 1488 608
13 2 1712 416 1744 416
13 2 1712 416 1712 608
17 0 37
17 0 nr2 1728 336 0
13 0 1392 336 1696 336
13 2 1392 336 1696 336
13 0 1472 384 1728 384
13 0 1728 416 1712 416
13 0 1712 416 1712 608
17 0 32
17 0 nr2 1728 544 0
17 0 32
17 0 nr2 1728 512 0
13 0 1728 608 1744 608
13 2 1728 608 1744 608
13 2 1712 608 1728 608
17 0 32
17 0 nr2 1728 528 0
13 0 1728 576 1680 576
13 0 1728 608 1712 608
13 0 1744 1312 1696 1312
13 0 1744 1344 1712 1344
17 0 88
17 0 nr2 1728 912 0
13 2 1712 1008 1744 1008
17 0 88
17 0 nr2 1728 928 0
13 0 1728 976 1696 976
13 0 1728 1008 1712 1008
17 0 and3 1328 912 0
17 0 and3 1328 1008 0
17 0 and3 1328 1104 0
13 0 1536 992 1472 992
13 0 1488 1088 1472 1088
13 0 1472 1184 1488 1184
13 0 1488 1184 1488 1264
17 0 87
17 0 and2 1152 704 0
13 2 1280 880 1296 880
17 0 87
17 0 and2 1152 816 0
13 2 1072 864 1152 864
13 2 1104 896 1152 896
13 2 1296 896 1328 896
13 2 1296 880 1296 896
17 0 87
17 0 and2 1136 816 0
13 0 1072 864 1136 864
13 0 1120 896 1136 896
13 0 1104 896 1120 896
13 0 1280 896 1328 896
13 0 1280 880 1280 896
13 2 1280 896 1328 896
13 2 1472 912 1488 912
13 2 1136 928 1328 928
17 0 27
17 0 and2 1312 848 0
13 0 1280 896 1312 896
13 0 1456 912 1488 912
13 0 1296 928 1312 928
13 0 1136 928 1296 928
13 2 1280 896 1312 896
13 2 1456 912 1488 912
13 2 1136 928 1312 928
17 0 27
17 0 and2 1280 848 0
13 0 1424 912 1488 912
13 0 1264 928 1280 928
13 0 1136 928 1264 928
13 2 1040 800 1328 800
13 2 1472 816 1504 816
13 2 1056 832 1328 832
17 0 80
17 0 and2 1344 752 0
13 0 1040 800 1344 800
13 0 1488 816 1504 816
13 0 1328 832 1344 832
13 0 1056 832 1328 832
13 2 1120 960 1328 960
13 2 1088 992 1328 992
13 2 1472 992 1536 992
13 2 1072 1024 1328 1024
17 0 42
17 0 and3 1344 912 0
13 0 1120 960 1344 960
13 0 1328 992 1344 992
13 0 1088 992 1328 992
13 0 1488 992 1536 992
13 0 1312 1024 1344 1024
13 0 1072 1024 1312 1024
13 2 1104 1056 1328 1056
13 2 1072 1088 1328 1088
13 2 1472 1088 1488 1088
13 2 1024 1120 1328 1120
17 0 52
17 0 and3 1280 1008 0
13 0 1104 1056 1280 1056
13 0 1264 1088 1280 1088
13 0 1072 1088 1264 1088
13 0 1424 1088 1488 1088
13 0 1248 1120 1280 1120
13 0 1024 1120 1248 1120
13 2 1024 1152 1328 1152
13 2 1088 1184 1328 1184
13 2 1472 1184 1488 1184
13 2 1120 1216 1328 1216
17 0 39
17 0 and3 1328 1104 0
13 0 1024 1152 1328 1152
13 0 1312 1184 1328 1184
13 0 1088 1184 1312 1184
13 0 1472 1184 1488 1184
13 0 1296 1216 1328 1216
13 0 1120 1216 1296 1216
13 2 1104 1280 1328 1280
13 2 1472 1296 1536 1296
13 2 1136 1312 1328 1312
17 0 28
17 0 and2 1280 1232 0
13 0 1104 1280 1280 1280
13 0 1424 1296 1536 1296
13 0 1264 1312 1280 1312
13 0 1136 1312 1264 1312
13 2 1056 1424 1328 1424
13 2 1472 1440 1504 1440
13 2 1120 1456 1328 1456
17 0 33
17 0 and2 1280 1376 0
13 0 1056 1424 1280 1424
13 0 1424 1440 1504 1440
13 0 1264 1456 1280 1456
13 0 1120 1456 1264 1456
13 0 1744 1552 1712 1552
13 0 1744 1664 1712 1664
13 2 1424 912 1488 912
13 2 1136 928 1280 928
13 2 1280 880 1280 896
17 0 27
17 0 and2 1328 848 0
13 0 1472 912 1488 912
13 0 1136 928 1328 928
13 0 1328 880 1328 896
13 2 1472 912 1488 912
13 2 1136 928 1328 928
13 2 1328 880 1328 896
17 0 27
17 0 and2 1344 848 0
13 0 1136 928 1344 928
13 0 1344 880 1344 896
13 2 1040 800 1344 800
13 2 1488 816 1504 816
13 2 1056 832 1344 832
17 0 80
17 0 and2 1248 752 0
13 0 1040 800 1248 800
13 0 1392 816 1504 816
13 0 1232 832 1248 832
13 0 1056 832 1232 832
13 2 1120 960 1344 960
13 2 1088 992 1344 992
13 2 1488 992 1536 992
13 2 1072 1024 1344 1024
17 0 42
17 0 and3 1248 912 0
13 0 1120 960 1248 960
13 0 1232 992 1248 992
13 0 1088 992 1232 992
13 0 1392 992 1536 992
13 0 1216 1024 1248 1024
13 0 1072 1024 1216 1024
13 2 1104 1056 1280 1056
13 2 1072 1088 1280 1088
13 2 1424 1088 1488 1088
13 2 1024 1120 1280 1120
17 0 52
17 0 and3 1328 992 0
13 0 1296 1040 1328 1040
13 0 1296 1040 1296 1056
13 0 1104 1056 1296 1056
13 0 1312 1072 1328 1072
13 0 1312 1072 1312 1088
13 0 1072 1088 1312 1088
13 0 1472 1072 1472 1088
13 0 1472 1088 1488 1088
13 0 1328 1104 1328 1120
13 0 1024 1120 1328 1120
13 2 1296 1040 1328 1040
13 2 1312 1072 1328 1072
13 2 1472 1088 1488 1088
13 2 1328 1104 1328 1120
13 2 1472 1072 1472 1088
17 0 52
17 0 and3 1328 992 0
13 0 1296 1040 1328 1040
13 0 1312 1072 1328 1072
13 0 1472 1088 1488 1088
13 0 1328 1104 1328 1120
13 0 1472 1072 1472 1088
13 2 1296 1040 1328 1040
13 2 1312 1072 1328 1072
13 2 1472 1088 1488 1088
13 2 1328 1104 1328 1120
13 2 1472 1072 1472 1088
17 0 52
17 0 and3 1328 992 0
13 0 1296 1040 1328 1040
13 0 1312 1072 1328 1072
13 0 1472 1088 1488 1088
13 0 1328 1104 1328 1120
13 0 1472 1072 1472 1088
13 2 1296 1040 1328 1040
13 2 1312 1072 1328 1072
13 2 1472 1088 1488 1088
13 2 1328 1104 1328 1120
13 2 1472 1072 1472 1088
17 0 52
17 0 and3 1328 992 0
13 0 1296 1040 1328 1040
13 0 1312 1072 1328 1072
13 0 1472 1088 1488 1088
13 0 1328 1104 1328 1120
13 0 1472 1072 1472 1088
13 2 1056 1424 1280 1424
13 2 1424 1440 1504 1440
13 2 1120 1456 1280 1456
17 0 33
17 0 and2 1344 1360 0
13 0 1328 1408 1344 1408
13 0 1328 1408 1328 1424
13 0 1056 1424 1328 1424
13 0 1488 1424 1488 1440
13 0 1488 1440 1504 1440
13 0 1344 1440 1344 1456
13 0 1120 1456 1344 1456
13 2 1120 1456 1344 1456
13 2 1344 1440 1344 1456
13 2 1488 1440 1504 1440
13 2 1488 1424 1488 1440
13 2 1056 1424 1328 1424
13 2 1328 1408 1328 1424
13 2 1328 1408 1344 1408
17 0 33
17 0 and2 1280 1376 0
13 0 1120 1456 1280 1456
13 0 1424 1440 1504 1440
13 0 1056 1424 1280 1424
13 2 1056 1424 1280 1424
13 2 1424 1440 1504 1440
13 2 1120 1456 1280 1456
17 0 33
17 0 and2 1344 1376 0
13 0 1056 1424 1344 1424
13 0 1488 1440 1504 1440
13 0 1328 1456 1344 1456
13 0 1120 1456 1328 1456
13 2 1024 1360 1328 1360
13 2 1472 1376 1488 1376
13 2 1056 1392 1328 1392
17 0 29
17 0 and2 1248 1312 0
13 0 1024 1360 1248 1360
13 0 1392 1376 1488 1376
13 0 1232 1392 1248 1392
13 0 1056 1392 1232 1392
13 2 1104 1280 1280 1280
13 2 1424 1296 1536 1296
13 2 1136 1312 1280 1312
17 0 28
17 0 and2 1344 1232 0
13 0 1104 1280 1344 1280
13 0 1488 1296 1536 1296
13 0 1328 1312 1344 1312
13 0 1136 1312 1328 1312
13 2 1024 1152 1328 1152
13 2 1088 1184 1328 1184
13 2 1472 1184 1488 1184
13 2 1120 1216 1328 1216
17 0 39
17 0 and3 1248 1104 0
13 0 1024 1152 1248 1152
13 0 1232 1184 1248 1184
13 0 1088 1184 1232 1184
13 0 1392 1184 1488 1184
13 0 1216 1216 1248 1216
13 0 1120 1216 1216 1216
13 2 1296 1040 1328 1040
13 2 1312 1072 1328 1072
13 2 1472 1088 1488 1088
13 2 1328 1104 1328 1120
13 2 1472 1072 1472 1088
17 0 52
17 0 and3 1328 992 0
13 0 1296 1040 1328 1040
13 0 1312 1072 1328 1072
13 0 1472 1088 1488 1088
13 0 1328 1104 1328 1120
13 0 1472 1072 1472 1088
13 2 1296 1040 1328 1040
13 2 1312 1072 1328 1072
13 2 1472 1088 1488 1088
13 2 1328 1104 1328 1120
13 2 1472 1072 1472 1088
17 0 52
17 0 and3 1328 992 0
13 0 1296 1040 1328 1040
13 0 1312 1072 1328 1072
13 0 1472 1088 1488 1088
13 0 1328 1104 1328 1120
13 0 1472 1072 1472 1088
17 0 52
17 0 and3 1520 1040 0
13 2 1296 1040 1328 1040
13 2 1296 1040 1296 1056
13 2 1312 1072 1328 1072
13 2 1328 1104 1328 1120
13 2 1312 1072 1312 1088
17 0 52
17 0 and3 1328 1008 0
13 2 1472 1072 1472 1088
13 0 1328 1056 1296 1056
13 0 1312 1088 1328 1088
13 0 1280 880 1280 896
13 0 1280 896 1344 896
13 2 1344 880 1344 896
13 2 1072 560 1328 560
13 2 1472 576 1520 576
13 2 1024 592 1328 592
17 0 17
17 0 and2 1248 512 0
13 0 1072 560 1248 560
13 0 1392 576 1520 576
13 0 1232 592 1248 592
13 0 1024 592 1232 592
17 0 fd1s1i 1344 992 0
17 0 64
17 0 fd1s1a 2032 400 0
17 0 fd1s1a 2048 592 0
17 0 fd1s1a 2048 928 0
17 0 fd1s1a 2048 1264 0
17 0 fd1s1a 2048 1472 0
17 0 fd1s1a 2048 1648 0
17 0 fd1s1a 1968 2064 0
17 0 fd1s1a 1968 2176 0
13 0 2304 1328 2368 1328
13 2 2304 1328 2368 1328
13 2 2208 1328 2304 1328
17 0 63
17 0 fd1s1a 2048 1280 0
13 0 2288 1536 2368 1536
13 2 2288 1536 2368 1536
13 2 2208 1536 2288 1536
17 0 72
17 0 fd1s1a 2048 1504 0
17 0 72
17 0 fd1s1a 2048 1488 0
13 0 2304 1712 2368 1712
13 2 2304 1712 2368 1712
13 2 2208 1712 2304 1712
17 0 73
17 0 fd1s1a 2048 1664 0
17 0 74
17 0 fd1s1a 2000 1936 0
13 0 2144 2128 2176 2128
13 2 2144 2128 2176 2128
13 2 2128 2128 2144 2128
17 0 78
17 0 fd1s1a 1984 2320 0
13 0 2160 2192 2176 2192
13 2 2160 2192 2176 2192
13 2 2144 2192 2160 2192
13 0 2144 2256 2144 2192
13 2 2144 2192 2144 2256
13 2 2144 2256 2144 2304
13 2 2128 2304 2144 2304
17 0 78
17 0 fd1s1a 1968 2256 0
13 0 2144 2432 2144 2304
13 2 2144 2304 2144 2432
13 2 2144 2432 2144 2480
17 0 74
17 0 fd1s1a 1968 2080 0
13 0 2304 400 2368 400
13 2 2304 400 2368 400
13 2 2208 400 2304 400
13 0 2288 592 2368 592
13 2 2288 592 2368 592
13 2 2208 592 2288 592
13 0 2304 992 2368 992
13 2 2304 992 2368 992
13 2 2208 992 2304 992
17 0 64
17 0 fd1s1a 2048 352 0
17 0 61
17 0 fd1s1a 2048 544 0
17 0 62
17 0 fd1s1a 2048 944 0
13 2 2032 464 2048 464
13 2 2032 656 2048 656
13 2 2032 1056 2048 1056
13 2 2032 1392 2048 1392
13 2 2032 1600 2048 1600
13 2 2032 1776 2048 1776
13 2 1952 2192 1968 2192
13 0 2048 1360 2032 1360
13 0 2048 1568 2032 1568
13 0 2048 1744 2032 1744
13 0 1968 2160 1952 2160
13 0 1968 2336 1952 2336
13 2 1952 2368 1968 2368
13 2 1952 2336 1952 2368
13 0 2528 2464 2544 2464
13 2 2528 2464 2544 2464
13 2 2496 2464 2528 2464
13 0 2512 2176 2544 2176
13 2 2512 2176 2544 2176
13 2 2496 2176 2512 2176
17 0 nd2 2368 2400 0
17 0 nd2 2368 2112 0
17 0 nd2 2368 1680 0
17 0 nd2 2368 1504 0
17 0 nd2 2368 1296 0
17 0 nd2 2368 960 0
17 0 nd2 2368 560 0
17 0 nd2 2368 368 0
13 2 2496 416 2528 416
13 2 2496 608 2528 608
13 2 2496 1008 2528 1008
13 2 2496 1344 2528 1344
13 2 2496 1552 2528 1552
17 0 49
17 0 nd2 2368 352 0
17 0 48
17 0 nd2 2368 544 0
17 0 47
17 0 nd2 2368 944 0
17 0 45
17 0 nd2 2368 1280 0
17 0 51
17 0 nd2 2368 1488 0
13 0 2368 400 2272 400
13 0 2272 400 2272 560
13 0 2048 432 2032 432
13 0 2048 624 2032 624
13 0 2048 1024 2032 1024
13 0 2272 1328 2368 1328
13 0 2272 1536 2368 1536
13 0 2368 992 2272 992
13 0 2272 592 2368 592
13 2 2272 400 2272 560
13 2 2496 1728 2528 1728
17 0 77
17 0 nd2 2368 1664 0
13 0 2272 1712 2368 1712
13 0 2192 2128 2304 2128
13 0 2304 2192 2208 2192
13 0 2208 2192 2208 2304
13 0 2208 2304 2192 2304
13 0 2208 2304 2208 2480
13 2 2144 2480 2208 2480
17 0 ob 2592 560 0
17 0 ob 2592 368 0
13 0 2512 416 2592 416
13 0 2512 608 2592 608
13 0 2512 1008 2592 1008
13 0 2688 416 2720 416
13 0 2688 608 2720 608
13 0 2688 1008 2720 1008
13 0 2512 1344 2592 1344
13 0 2688 1344 2720 1344
13 0 2688 1552 2720 1552
13 0 2688 1728 2720 1728
13 0 2592 1728 2512 1728
13 0 2592 1552 2512 1552
13 0 2704 2176 2736 2176
13 0 2512 2176 2608 2176
13 0 2512 2464 2608 2464
13 0 2704 2464 2736 2464
13 2 2512 2464 2608 2464
13 2 2704 2464 2736 2464
17 0 10
17 0 ob 2576 2416 0
13 0 2512 2464 2576 2464
13 0 2672 2464 2736 2464
13 2 2512 2176 2608 2176
13 2 2704 2176 2736 2176
17 0 11
17 0 ob 2576 2128 0
13 0 2512 2176 2576 2176
13 0 2672 2176 2736 2176
13 2 2512 1728 2592 1728
13 2 2688 1728 2720 1728
17 0 31
17 0 ob 2560 1680 0
13 0 2512 1728 2560 1728
13 0 2656 1728 2720 1728
13 2 2512 1552 2592 1552
13 2 2688 1552 2720 1552
17 0 30
17 0 ob 2560 1504 0
13 0 2512 1552 2560 1552
13 0 2656 1552 2720 1552
13 2 2512 1344 2592 1344
13 2 2688 1344 2720 1344
17 0 18
17 0 ob 2560 1296 0
13 0 2512 1344 2560 1344
13 0 2656 1344 2720 1344
13 2 2512 1008 2592 1008
13 2 2688 1008 2720 1008
17 0 83
17 0 ob 2560 960 0
13 0 2512 1008 2560 1008
13 0 2656 1008 2720 1008
13 2 2512 608 2592 608
13 2 2688 608 2720 608
17 0 50
17 0 ob 2560 560 0
13 0 2512 608 2560 608
13 0 2656 608 2720 608
13 2 2512 416 2592 416
13 2 2688 416 2720 416
17 0 46
17 0 ob 2560 384 0
13 0 2560 432 2560 416
13 0 2512 416 2560 416
13 0 2656 432 2656 416
13 0 2656 416 2720 416
13 2 2512 416 2560 416
13 2 2656 416 2720 416
13 2 2560 416 2560 432
13 2 2656 416 2656 432
17 0 46
17 0 ob 2560 368 0
13 0 2560 400 2560 416
13 0 2512 416 2560 416
13 0 2656 400 2656 416
13 0 2656 416 2720 416
13 0 2560 400 2560 416
13 0 2656 400 2656 416
13 2 2656 400 2656 416
13 2 2560 400 2560 416
13 0 656 288 560 288
13 0 560 288 640 288
13 0 640 288 656 288
13 0 656 1664 560 1664
13 0 656 1776 560 1776
13 0 656 1888 560 1888
13 0 656 2000 560 2000
13 0 656 2128 560 2128
13 0 656 2304 560 2304
10 1 2
17 0 nr2 1200 1536 0
17 0 nr3 1200 1120 0
13 0 1168 1504 1168 1328
13 2 1168 1328 1168 1504
13 2 1168 1504 1168 1600
13 0 1152 1504 1152 1600
13 0 1152 1600 1168 1600
13 0 1152 1504 1152 1328
13 0 1152 1328 1168 1328
13 0 1168 1248 1168 1216
13 2 1168 1216 1168 1248
13 2 1168 1248 1168 1328
13 0 1152 1248 1152 1328
13 0 1152 1328 1168 1328
13 0 1152 1248 1152 1216
13 0 1152 1216 1168 1216
13 2 1152 1328 1168 1328
13 2 1120 1328 1152 1328
13 0 1184 1328 1184 1184
13 2 1184 1184 1184 1328
13 2 1184 1328 1184 1568
13 0 1168 1328 1168 1568
13 0 1168 1568 1184 1568
13 0 1168 1328 1168 1184
13 0 1168 1184 1184 1184
13 2 1328 1184 1360 1184
17 0 67
17 0 nr3 1200 1104 0
13 2 1344 1584 1360 1584
17 0 44
17 0 nr2 1216 1520 0
17 0 or2 1344 1520 0
17 0 or2 1344 1120 0
13 2 1488 1200 1520 1200
13 2 1504 1264 1520 1264
13 2 1488 1568 1520 1568
13 0 1504 1472 1504 608
13 2 1504 608 1504 1472
13 2 1504 1472 1504 1632
13 0 1520 1472 1520 1632
13 0 1520 1632 1504 1632
13 0 1520 1472 1520 608
13 0 1520 608 1504 608
13 2 1504 1632 1520 1632
17 0 65
17 0 or2 1360 1504 0
17 0 or2 1344 1520 0
17 0 65
17 0 or2 1344 1520 0
17 0 65
17 0 or2 1360 1504 0
17 0 or2 1344 1520 0
17 0 65
17 0 or2 1344 1520 0
17 0 65
17 0 or2 1360 1488 0
17 0 65
17 0 or2 1360 1504 0
17 0 or2 1360 1488 0
17 0 65
17 0 or2 1360 1488 0
17 0 65
17 0 or2 1360 1504 0
17 0 or2 1360 1488 0
17 0 65
17 0 or2 1360 1488 0
17 0 65
17 0 or2 1360 1504 0
17 0 or2 1360 1488 0
17 0 65
17 0 or2 1360 1488 0
17 0 93
17 0 or2 1360 1136 0
17 0 or2 1344 1120 0
17 0 93
17 0 or2 1344 1120 0
13 2 1168 1152 1200 1152
13 2 1168 1184 1200 1184
13 2 1152 1216 1200 1216
17 0 67
17 0 nr3 1216 1104 0
13 0 1168 1152 1216 1152
13 0 1200 1184 1216 1184
13 0 1168 1184 1200 1184
13 0 1184 1216 1216 1216
13 0 1152 1216 1184 1216
13 0 1520 1376 1520 608
13 2 1520 608 1520 1376
13 2 1520 1376 1520 1632
13 0 1552 1376 1552 1632
13 0 1552 1632 1520 1632
13 0 1552 1376 1552 608
13 0 1552 608 1520 608
17 0 93
17 0 or2 1392 1136 0
17 0 65
17 0 or2 1376 1504 0
13 0 1392 1216 1360 1216
13 0 1392 1184 1376 1184
13 0 1376 1552 1360 1552
13 0 1376 1584 1360 1584
13 0 1536 1632 1552 1632
13 2 1536 1632 1552 1632
13 2 1520 1632 1536 1632
13 2 1504 448 1520 448
13 0 1504 464 1504 304
13 2 1504 304 1504 464
13 2 1504 464 1504 608
13 0 1552 464 1552 608
13 0 1552 608 1504 608
13 0 1552 464 1552 304
13 0 1552 304 1504 304
13 2 1504 608 1552 608
17 0 fd1s3ax 1552 384 0
17 0 fd1s3ax 1552 544 0
17 0 fd1s3ax 1552 1200 0
17 0 fd1s3ax 1552 1568 0
13 2 1680 1568 1824 1568
13 2 1680 1200 1824 1200
17 0 55
17 0 fd1s3ax 1568 1552 0
17 0 55
17 0 fd1s3ax 1568 1520 0
17 0 54
17 0 fd1s3ax 1568 1152 0
13 0 1568 1200 1536 1200
13 0 1568 1568 1520 1568
13 2 1344 1552 1376 1552
13 2 1520 1568 1568 1568
13 2 1360 1584 1376 1584
17 0 65
17 0 or2 1392 1504 0
13 0 1344 1552 1392 1552
13 0 1536 1568 1568 1568
13 0 1376 1584 1392 1584
13 0 1360 1584 1376 1584
13 2 1808 544 1824 544
13 2 1680 384 1824 384
17 0 94
17 0 fd1s3ax 1568 336 0
17 0 53
17 0 fd1s3ax 1568 496 0
13 0 1568 384 1520 384
13 0 1568 416 1552 416
13 0 1568 544 1520 544
13 0 1568 576 1552 576
13 0 1568 1232 1552 1232
13 0 1568 1600 1552 1600
13 0 1552 1632 1520 1632
13 2 1520 1632 1552 1632
13 2 1552 1600 1552 1632
17 0 and2 992 1264 0
17 0 and3 992 1120 0
17 0 and3 992 848 0
13 0 1152 1184 1168 1184
13 2 1152 1184 1168 1184
13 2 1120 1184 1152 1184
17 0 58
17 0 and3 992 1104 0
13 0 1152 912 1168 912
13 2 1152 912 1168 912
13 2 1120 912 1152 912
17 0 56
17 0 and3 992 832 0
13 0 1136 912 1168 912
13 0 1136 1184 1168 1184
13 0 1136 1328 1152 1328
17 0 inv 768 1264 0
17 0 nd2 752 736 0
17 0 nd2 1360 752 0
17 0 nd3 704 384 0
13 2 848 480 864 480
13 0 864 480 864 384
13 2 864 384 864 480
13 2 864 480 864 528
13 0 880 480 880 528
13 0 880 528 864 528
13 0 880 480 880 384
13 0 880 384 864 384
13 0 864 576 864 560
13 2 864 560 864 576
13 2 864 576 864 608
13 0 880 576 880 608
13 0 880 608 864 608
13 0 880 576 880 560
13 0 880 560 864 560
17 0 92
17 0 nd3 720 400 0
17 0 or2 896 496 0
13 2 864 384 880 384
13 2 864 528 880 528
13 2 864 560 880 560
13 0 1216 544 1568 544
13 2 1216 544 1568 544
13 2 1008 544 1216 544
17 0 71
17 0 or2 896 480 0
13 0 1040 544 1568 544
13 0 880 528 896 528
13 0 896 560 880 560
13 0 864 480 880 480
17 0 91
13 0 912 816 960 816
13 2 912 816 960 816
13 2 880 816 912 816
17 0 60
17 0 nd2 752 752 0
13 0 960 816 896 816
13 0 752 1312 768 1312
13 0 864 1312 880 1312
17 0 ib 576 1392 0
17 0 ib 576 1264 0
17 0 ib 576 1136 0
17 0 ib 576 1056 0
17 0 ib 560 832 0
17 0 ib 576 800 0
17 0 ib 576 736 0
17 0 ib 576 560 0
17 0 ib 560 496 0
17 0 ib 576 432 0
17 0 76
17 0 ib 576 496 0
17 0 69
17 0 ib 576 864 0
17 0 ob 1888 336 0
17 0 ob 1888 496 0
17 0 ob 1888 1152 0
17 0 ob 1888 1504 0
17 0 98
17 0 ob 1888 1520 0
13 0 1888 1568 1792 1568
13 0 2016 1568 1984 1568
13 0 2016 1200 1984 1200
13 0 1888 1200 1792 1200
13 0 2016 544 1984 544
13 0 2016 384 1984 384
13 0 1888 384 1792 384
13 0 1888 544 1792 544
17 0 ib 576 368 0
17 0 gsr 336 1056 0
17 0 gsr 336 1056 0
17 0 gsr 480 368 0
17 0 gsr 544 432 0
17 0 gsr 512 496 0
17 0 gsr 544 560 0
17 0 gsr 512 736 0
17 0 gsr 544 800 0
17 0 gsr 512 864 0
17 0 gsr 512 1056 0
17 0 gsr 544 1136 0
17 0 gsr 512 1264 0
17 0 gsr 544 1392 0
17 0 gsr 2000 336 0
17 0 gsr 2000 496 0
17 0 gsr 2000 1152 0
17 0 gsr 2000 1520 0
17 0 101
17 0 gsr 512 368 0
13 0 576 416 480 416
13 0 480 416 512 416
13 0 512 416 576 416
13 0 480 480 576 480
13 0 480 480 544 480
13 0 544 480 576 480
13 0 576 544 480 544
13 0 480 544 512 544
13 0 512 544 576 544
13 0 480 608 576 608
13 0 480 608 544 608
13 0 544 608 576 608
13 0 320 368 448 368
13 0 448 368 448 400
13 2 320 368 448 368
13 2 448 368 448 400
13 2 880 384 1568 384
13 2 448 416 512 416
13 2 512 416 576 416
13 2 672 416 704 416
13 2 704 448 720 448
13 2 448 480 544 480
13 2 544 480 576 480
13 2 672 480 720 480
13 2 864 480 880 480
13 2 704 512 720 512
13 2 880 528 896 528
13 2 448 544 512 544
13 2 512 544 576 544
13 2 672 544 704 544
13 2 880 560 896 560
13 2 704 416 704 448
13 2 704 512 704 544
13 0 880 384 880 480
13 2 880 384 880 480
13 2 880 480 880 528
13 2 880 560 880 608
13 7 448 416
13 8 448 416 0
13 7 448 480
13 8 448 480 0
13 7 448 544
13 8 448 544 0
17 0 102
17 0 101
17 0 99
17 0 90
17 0 76
17 0 92
17 0 gsr 544 384 0
17 0 gsr 512 320 0
17 0 ib 576 320 0
17 0 ib 576 384 0
17 0 ib 576 448 0
17 0 nd3 720 352 0
13 0 880 336 896 336
13 0 928 336 896 336
13 0 928 336 928 384
13 0 928 384 1568 384
13 0 448 368 512 368
13 0 512 368 576 368
13 0 672 368 704 368
13 0 704 400 720 400
13 0 448 432 544 432
13 0 544 432 576 432
13 0 672 432 720 432
13 0 864 432 880 432
13 0 704 464 720 464
13 0 880 480 896 480
13 0 448 496 512 496
13 0 512 496 576 496
13 0 672 496 704 496
13 0 880 512 896 512
13 0 704 368 704 400
13 0 704 464 704 496
13 0 880 336 880 432
13 0 880 432 880 480
13 0 880 512 880 544
13 0 880 544 880 608
13 5 448 368 INV_FC0
13 5 448 432 INV_FC1
13 5 448 496 INV_FC2
13 8 448 416 1
13 8 448 480 1
13 8 448 544 1
13 8 448 368 1
13 8 448 432 1
13 8 448 496 1
13 0 912 336 928 336
13 2 912 336 928 336
13 2 880 336 912 336
13 0 912 384 880 384
13 0 880 384 880 336
13 0 912 384 928 384
13 0 928 384 928 336
13 2 880 336 880 384
13 2 704 464 720 464
13 2 448 496 576 496
13 2 672 496 704 496
13 2 704 464 704 496
13 7 448 496
13 8 448 496 0
17 0 101
17 0 ib 576 480 0
13 0 704 496 720 496
13 0 448 528 576 528
13 0 672 528 704 528
13 0 704 496 704 528
13 5 448 528 INV_FC2
13 8 448 496 1
13 8 448 528 1
13 2 704 496 720 496
13 0 720 464 704 464
13 0 704 464 704 496
17 0 103
17 0 gsr 512 480 0
13 0 1200 304 1552 304
13 2 1200 304 1552 304
13 2 448 304 1200 304
13 0 1200 272 448 272
13 0 448 272 448 304
13 0 1200 272 1552 272
13 0 1552 272 1552 304
13 2 928 336 928 384
13 2 880 512 896 512
13 2 880 512 880 608
13 2 880 480 896 480
13 0 880 480 880 528
13 0 880 528 896 528
13 0 896 560 880 560
13 0 880 560 880 608
13 0 448 288 448 272
13 2 448 272 448 288
13 2 448 288 448 304
13 7 448 304
13 5 448 288 I_PLDCLK
13 8 448 304 0
13 8 448 288 0
13 7 448 288
13 5 448 272 I_PLDCLK
13 8 448 288 0
13 8 448 272 0
13 2 448 608 544 608
13 2 544 608 576 608
13 2 672 608 880 608
13 2 880 608 976 608
13 2 880 560 880 608
13 2 976 608 976 944
13 7 448 608
13 8 448 608 0
17 0 104
17 0 gsr 544 592 0
13 0 448 640 544 640
13 0 544 640 576 640
13 0 672 640 880 640
13 0 880 640 976 640
13 0 880 608 880 640
13 0 880 560 880 608
13 0 976 640 976 720
13 0 976 720 976 944
13 5 448 640 INV_SEL_F
13 8 448 608 1
13 8 448 640 1
17 0 66
17 0 ib 576 576 0
17 0 66
17 0 ib 576 592 0
13 2 448 368 512 368
13 2 512 368 576 368
13 2 672 368 704 368
13 2 880 384 1568 384
13 2 704 400 720 400
13 2 448 432 544 432
13 2 544 432 576 432
13 2 672 432 720 432
13 2 864 432 880 432
13 2 704 464 720 464
13 2 448 528 512 528
13 2 512 528 576 528
13 2 672 528 704 528
13 2 880 528 896 528
13 2 880 560 896 560
13 2 704 368 704 400
13 2 704 464 704 528
13 0 880 384 880 432
13 2 880 384 880 432
13 2 880 432 880 528
13 2 880 560 880 640
13 7 448 368
13 8 448 368 0
13 7 448 432
13 8 448 432 0
13 7 448 528
13 8 448 528 0
17 0 103
17 0 92
17 0 76
17 0 90
17 0 99
17 0 101
17 0 102
17 0 gsr 512 496 0
17 0 gsr 544 400 0
17 0 gsr 512 336 0
17 0 ib 576 336 0
17 0 ib 576 400 0
17 0 ib 576 496 0
17 0 nd3 720 368 0
13 0 448 384 512 384
13 0 512 384 576 384
13 0 672 384 704 384
13 0 880 400 896 400
13 0 896 400 896 384
13 0 896 384 1568 384
13 0 704 416 720 416
13 0 448 448 544 448
13 0 544 448 576 448
13 0 672 448 720 448
13 0 864 448 880 448
13 0 704 480 720 480
13 0 448 544 512 544
13 0 512 544 576 544
13 0 672 544 704 544
13 0 880 544 896 544
13 0 880 576 896 576
13 0 704 384 704 416
13 0 704 480 704 544
13 0 880 400 880 448
13 0 880 448 880 544
13 0 880 576 880 624
13 0 880 624 880 640
13 5 448 384 INV_FC0
13 5 448 448 INV_FC1
13 5 448 544 INV_FC2
13 8 448 368 1
13 8 448 432 1
13 8 448 528 1
13 8 448 384 1
13 8 448 448 1
13 8 448 544 1
13 2 448 384 512 384
13 2 512 384 576 384
13 2 672 384 704 384
13 2 704 416 720 416
13 2 448 448 544 448
13 2 544 448 576 448
13 2 672 448 720 448
13 2 704 384 704 416
13 7 448 384
13 8 448 384 0
13 7 448 448
13 8 448 448 0
17 0 99
17 0 90
17 0 gsr 512 320 0
17 0 ib 576 320 0
13 0 448 368 512 368
13 0 512 368 576 368
13 0 672 368 704 368
13 0 704 400 720 400
13 0 448 432 544 432
13 0 544 432 576 432
13 0 672 432 720 432
13 0 704 368 704 400
13 5 448 368 INV_FC0
13 5 448 432 INV_FC1
13 8 448 384 1
13 8 448 448 1
13 8 448 368 1
13 8 448 432 1
13 0 704 432 720 432
13 2 704 432 720 432
13 2 672 432 704 432
13 0 704 448 672 448
13 0 704 448 720 448
13 0 464 432 576 432
13 2 464 432 576 432
13 2 448 432 464 432
13 0 464 448 448 448
13 0 464 448 576 448
13 0 464 448 544 448
13 0 544 448 576 448
13 7 448 432
13 8 448 432 0
13 5 448 448 INV_FC1
13 8 448 432 1
13 8 448 448 1
13 2 704 400 720 400
13 2 704 368 704 400
13 0 704 416 704 368
13 0 704 416 720 416
13 0 720 416 720 400
13 2 720 400 720 416
13 2 448 368 512 368
13 2 512 368 576 368
13 2 672 368 704 368
13 2 704 416 720 416
13 2 704 368 704 416
13 7 448 368
13 8 448 368 0
17 0 90
17 0 99
17 0 gsr 496 288 0
17 0 ib 560 288 0
13 0 432 336 496 336
13 0 496 336 560 336
13 0 656 336 688 336
13 0 704 384 688 384
13 0 704 384 704 416
13 0 704 416 720 416
13 0 688 336 688 384
13 5 432 336 INV_FC0
13 8 448 368 1
13 8 432 336 1
13 2 688 336 688 384
13 2 704 416 720 416
13 2 704 384 704 416
13 2 688 384 704 384
13 2 656 336 688 336
13 2 496 336 560 336
13 2 432 336 496 336
13 7 432 336
13 8 432 336 0
17 0 99
17 0 90
17 0 gsr 512 320 0
17 0 ib 576 320 0
13 0 704 368 704 416
13 0 704 416 720 416
13 0 672 368 704 368
13 0 512 368 576 368
13 0 448 368 512 368
13 5 448 368 INV_FC0
13 8 432 336 1
13 8 448 368 1
13 8 448 368 1
13 2 448 368 512 368
13 2 512 368 576 368
13 2 672 368 704 368
13 2 704 416 720 416
13 2 704 368 704 416
13 7 448 368
13 8 448 368 0
17 0 90
17 0 99
17 0 gsr 512 304 0
17 0 ib 576 304 0
13 0 448 352 512 352
13 0 512 352 576 352
13 0 672 352 704 352
13 0 704 400 720 400
13 0 704 352 704 400
13 5 448 352 INV_FC0
13 8 448 368 1
13 8 448 352 1
13 2 704 400 720 400
13 0 720 416 704 416
13 0 704 416 704 400
13 0 352 1168 352 1152
17 0 100
13 2 352 1152 352 1168
13 2 448 1104 480 1104
13 2 672 1104 944 1104
13 2 944 1152 992 1152
13 2 944 1104 944 1152
13 7 448 1104
13 8 448 1104 0
17 0 108
17 0 68
17 0 gsr 512 1040 0
17 0 ib 576 1040 0
13 0 448 1088 480 1088
13 0 672 1088 944 1088
13 0 944 1136 960 1136
13 0 960 1136 960 1152
13 0 960 1152 992 1152
13 0 944 1088 944 1136
13 5 448 1088 INV_SEL_4toB
13 8 448 1104 1
13 8 448 1088 1
13 2 944 1136 960 1136
13 2 960 1136 960 1152
13 0 960 1152 944 1152
13 0 944 1152 944 1136
13 0 480 1088 576 1088
13 0 480 1088 512 1088
13 0 512 1088 576 1088
13 0 576 1184 480 1184
13 0 480 1184 544 1184
13 0 544 1184 576 1184
13 0 576 1312 480 1312
13 0 480 1312 512 1312
13 0 512 1312 576 1312
13 0 576 1440 480 1440
13 0 480 1440 544 1440
13 0 544 1440 576 1440
13 2 880 400 896 400
13 2 896 384 896 400
13 2 880 544 896 544
13 2 880 448 880 544
13 0 896 528 880 528
13 0 880 528 880 448
13 0 896 384 880 384
13 0 880 384 880 400
13 2 880 576 896 576
13 0 896 560 880 560
13 0 880 560 880 576
13 0 480 912 576 912
13 0 480 912 512 912
13 0 512 912 576 912
13 0 480 848 576 848
13 0 480 848 544 848
13 0 544 848 576 848
13 0 480 784 576 784
13 0 480 784 512 784
13 0 512 784 576 784
13 0 848 912 992 912
13 2 848 912 992 912
13 2 672 912 848 912
13 2 448 912 512 912
13 2 512 912 576 912
13 7 448 912
13 8 448 912 0
17 0 107
17 0 gsr 512 896 0
13 0 448 944 512 944
13 0 512 944 576 944
13 5 448 944 WAIT2
13 8 448 912 1
13 8 448 944 1
17 0 69
17 0 ib 576 896 0
13 0 672 944 960 944
13 0 960 944 960 912
13 0 960 912 992 912
13 2 448 784 512 784
13 2 512 784 576 784
13 2 672 784 736 784
13 2 736 800 752 800
13 2 736 784 736 800
13 7 448 784
13 8 448 784 0
17 0 89
17 0 ib 576 720 0
13 0 448 768 512 768
13 0 512 768 576 768
13 0 672 768 736 768
13 0 736 784 752 784
13 0 736 768 736 784
13 5 448 768 INV_SEL_0
13 8 448 784 1
13 8 448 768 1
17 0 105
17 0 gsr 512 720 0
13 2 736 784 752 784
13 2 736 768 736 784
13 0 752 800 736 800
13 0 736 800 736 768
