10 1 1
10 1 1
10 1 1
10 1 2
13 2 448 944 576 944
13 7 448 944
13 8 448 944 0
13 0 448 944 576 944
13 5 448 944 WAIT2
13 8 448 944 1
13 8 448 944 1
17 0 inv 464 944 0
17 0 inv 464 1184 0
13 2 448 944 576 944
13 2 672 944 960 944
17 0 69
17 0 ib 672 896 0
13 0 448 944 672 944
13 0 768 944 960 944
13 2 448 944 672 944
13 2 768 944 960 944
17 0 69
17 0 ib 576 896 0
13 0 448 944 576 944
13 0 672 944 960 944
13 0 800 944 960 944
13 2 800 944 960 944
13 2 672 944 800 944
13 0 800 1184 992 1184
13 2 800 1184 992 1184
13 2 672 1184 800 1184
17 0 14
17 0 inv 768 896 0
17 0 26
17 0 inv 768 1136 0
13 0 768 944 672 944
13 0 672 1184 768 1184
13 0 864 1184 992 1184
13 0 960 944 864 944
13 0 960 928 960 912
13 2 960 912 960 928
13 2 960 928 960 944
13 0 944 944 960 944
13 0 944 944 944 912
13 0 944 912 960 912
13 0 960 832 960 816
13 2 960 816 960 832
13 2 960 832 960 880
13 0 944 848 944 880
13 0 944 880 960 880
13 0 944 848 944 816
13 0 944 816 960 816
13 2 944 944 960 944
13 2 944 816 960 816
10 1 1
13 2 1040 800 1248 800
13 2 1392 816 1504 816
13 2 1056 832 1248 832
13 2 1024 592 1024 1120
13 0 1040 368 1040 800
13 2 1040 368 1040 800
13 2 1040 800 1040 1712
13 2 1056 832 1056 1392
13 2 1072 656 1072 864
13 2 1104 496 1104 896
13 2 1120 624 1120 960
13 2 1504 816 1504 928
17 0 80
17 0 and2 1248 752 0
13 0 1040 800 1248 800
13 0 1392 816 1504 816
13 0 1056 832 1248 832
13 0 1024 752 1024 848
13 0 1024 592 1024 752
13 0 1024 752 1024 848
13 0 1024 848 1024 1120
13 0 1040 752 1040 800
13 0 1040 368 1040 752
13 0 1040 800 1040 848
13 0 1040 848 1040 1712
13 0 1056 832 1056 848
13 0 1056 848 1056 1392
13 0 1072 752 1072 848
13 0 1072 656 1072 752
13 0 1072 752 1072 848
13 0 1072 848 1072 864
13 0 1104 752 1104 848
13 0 1104 496 1104 752
13 0 1104 752 1104 848
13 0 1104 848 1104 896
13 0 1120 752 1120 848
13 0 1120 624 1120 752
13 0 1120 752 1120 848
13 0 1120 848 1120 960
13 0 1504 816 1504 848
13 0 1504 848 1504 928
13 2 1040 800 1248 800
13 2 1392 816 1504 816
13 2 1056 832 1248 832
13 2 1024 592 1024 1120
13 0 1040 368 1040 800
13 2 1040 368 1040 800
13 2 1040 800 1040 1712
13 2 1056 832 1056 1392
13 2 1072 656 1072 864
13 2 1104 496 1104 896
13 2 1120 624 1120 960
13 2 1504 816 1504 928
17 0 80
17 0 and2 1248 752 0
13 0 1040 800 1248 800
13 0 1392 816 1504 816
13 0 1056 832 1248 832
13 0 1024 752 1024 848
13 0 1024 592 1024 752
13 0 1024 752 1024 848
13 0 1024 848 1024 1120
13 0 1040 752 1040 800
13 0 1040 368 1040 752
13 0 1040 800 1040 848
13 0 1040 848 1040 1712
13 0 1056 832 1056 848
13 0 1056 848 1056 1392
13 0 1072 752 1072 848
13 0 1072 656 1072 752
13 0 1072 752 1072 848
13 0 1072 848 1072 864
13 0 1104 752 1104 848
13 0 1104 496 1104 752
13 0 1104 752 1104 848
13 0 1104 848 1104 896
13 0 1120 752 1120 848
13 0 1120 624 1120 752
13 0 1120 752 1120 848
13 0 1120 848 1120 960
13 0 1504 816 1504 848
13 0 1504 848 1504 928
13 0 1152 832 1248 832
13 2 1152 832 1248 832
13 2 1056 832 1152 832
13 2 1040 800 1248 800
13 2 1392 816 1504 816
13 2 1024 592 1024 1120
13 0 1040 368 1040 800
13 2 1040 368 1040 800
13 2 1040 800 1040 1712
13 2 1056 832 1056 1392
13 2 1072 656 1072 864
13 2 1104 496 1104 896
13 2 1120 624 1120 960
13 2 1504 816 1504 928
17 0 80
17 0 and2 1248 752 0
13 0 1040 800 1248 800
13 0 1392 816 1504 816
13 0 1024 768 1024 848
13 0 1024 592 1024 768
13 0 1024 768 1024 848
13 0 1024 848 1024 1120
13 0 1040 768 1040 800
13 0 1040 368 1040 768
13 0 1040 800 1040 848
13 0 1040 848 1040 1712
13 0 1056 832 1056 848
13 0 1056 848 1056 1392
13 0 1072 768 1072 848
13 0 1072 656 1072 768
13 0 1072 768 1072 848
13 0 1072 848 1072 864
13 0 1104 768 1104 848
13 0 1104 496 1104 768
13 0 1104 768 1104 848
13 0 1104 848 1104 896
13 0 1120 768 1120 848
13 0 1120 624 1120 768
13 0 1120 768 1120 848
13 0 1120 848 1120 960
13 0 1504 816 1504 848
13 0 1504 848 1504 928
13 0 1184 800 1248 800
13 2 1184 800 1248 800
13 2 1040 800 1184 800
13 0 1184 736 1040 736
13 0 1184 736 1248 736
17 0 80
17 0 and2 1248 688 0
13 0 1424 816 1504 816
13 2 1424 816 1504 816
13 2 1392 816 1424 816
13 0 1424 752 1392 752
13 0 1392 752 1392 816
13 0 1424 752 1504 752
13 0 1504 752 1504 816
13 2 1392 752 1392 816
13 0 1248 768 1056 768
13 0 1056 768 1056 832
17 0 87
17 0 and2 1136 784 0
13 0 1088 864 1136 864
13 2 1088 864 1136 864
13 2 1072 864 1088 864
13 0 1088 832 1072 832
13 0 1088 832 1136 832
13 2 1104 896 1136 896
13 0 1136 864 1104 864
17 0 and3 1536 720 0
17 0 27
17 0 2
17 0 and3 1344 800 0
13 0 1312 896 1344 896
13 2 1312 896 1344 896
13 2 1280 896 1312 896
13 2 1280 880 1280 896
17 0 87
13 0 1168 928 1344 928
13 2 1168 928 1344 928
13 2 1136 928 1168 928
13 0 1168 912 1136 912
13 0 1168 912 1344 912
13 2 1104 864 1136 864
13 0 1136 880 1104 880
13 0 1088 832 1136 832
13 2 1088 832 1136 832
13 2 1072 832 1088 832
13 0 1088 848 1072 848
13 0 1088 848 1136 848
13 0 1136 912 1136 928
13 0 1136 880 1344 880
13 0 1344 848 1136 848
13 0 1488 880 1488 912
13 0 1152 768 1248 768
13 2 1152 768 1248 768
13 2 1056 768 1152 768
13 0 1152 784 1056 784
13 0 1152 784 1248 784
17 0 80
17 0 and2 1248 704 0
13 0 1440 752 1504 752
13 2 1440 752 1504 752
13 2 1392 752 1440 752
13 0 1440 768 1392 768
13 0 1440 768 1504 768
13 0 1200 736 1248 736
13 2 1200 736 1248 736
13 2 1040 736 1200 736
13 0 1200 752 1040 752
13 0 1200 752 1248 752
13 2 1056 768 1056 784
13 2 1504 752 1504 768
13 2 528 288 656 288
13 2 752 288 2032 288
13 2 2032 288 2768 288
13 2 1040 368 1328 368
13 2 1472 384 1728 384
13 2 1072 400 1328 400
13 2 1872 400 1952 400
13 2 1952 400 2048 400
13 2 2272 400 2368 400
13 2 1712 416 1728 416
13 2 2512 416 2560 416
13 2 2656 416 2768 416
13 2 2032 432 2048 432
13 2 2320 432 2368 432
13 2 1104 496 1328 496
13 2 1472 512 1488 512
13 2 1072 528 1328 528
13 2 1488 544 1520 544
13 2 1072 560 1248 560
13 2 1392 576 1520 576
13 2 1680 576 1728 576
13 2 1024 592 1248 592
13 2 1872 592 1952 592
13 2 1952 592 2048 592
13 2 2272 592 2368 592
13 2 1488 608 1520 608
13 2 1712 608 1728 608
13 2 2512 608 2560 608
13 2 2656 608 2768 608
13 2 1120 624 1328 624
13 2 2032 624 2048 624
13 2 2320 624 2368 624
13 2 1472 640 1488 640
13 2 1072 656 1328 656
13 2 1040 752 1248 752
13 2 1392 768 1504 768
13 2 1056 784 1248 784
13 2 1072 848 1344 848
13 2 1104 880 1344 880
13 2 1136 912 1344 912
13 2 1504 928 1536 928
13 2 1120 960 1248 960
13 2 1488 960 1536 960
13 2 1696 976 1728 976
13 2 1088 992 1248 992
13 2 1392 992 1536 992
13 2 1872 992 1952 992
13 2 1952 992 2048 992
13 2 2272 992 2368 992
13 2 1712 1008 1728 1008
13 2 2512 1008 2560 1008
13 2 2656 1008 2768 1008
13 2 1072 1024 1248 1024
13 2 1488 1024 1536 1024
13 2 2032 1024 2048 1024
13 2 2320 1024 2368 1024
13 2 1104 1056 1328 1056
13 2 1072 1088 1328 1088
13 2 1472 1088 1488 1088
13 2 1024 1120 1328 1120
13 2 1024 1152 1248 1152
13 2 1088 1184 1248 1184
13 2 1392 1184 1488 1184
13 2 1120 1216 1248 1216
13 2 1488 1264 1536 1264
13 2 1104 1280 1344 1280
13 2 1488 1296 1536 1296
13 2 1136 1312 1344 1312
13 2 1696 1312 1744 1312
13 2 1488 1328 1536 1328
13 2 1888 1328 1952 1328
13 2 1952 1328 2048 1328
13 2 2272 1328 2368 1328
13 2 1712 1344 1744 1344
13 2 2512 1344 2560 1344
13 2 2656 1344 2768 1344
13 2 1024 1360 1248 1360
13 2 1504 1360 1536 1360
13 2 2032 1360 2048 1360
13 2 2320 1360 2368 1360
13 2 1392 1376 1488 1376
13 2 1056 1392 1248 1392
13 2 1056 1424 1344 1424
13 2 1488 1440 1504 1440
13 2 1120 1456 1344 1456
13 2 1024 1520 1744 1520
13 2 1888 1536 1952 1536
13 2 1952 1536 2048 1536
13 2 2272 1536 2368 1536
13 2 1712 1552 1744 1552
13 2 2512 1552 2560 1552
13 2 2656 1552 2768 1552
13 2 2032 1568 2048 1568
13 2 2320 1568 2368 1568
13 2 1104 1600 1536 1600
13 2 1120 1632 1536 1632
13 2 1696 1632 1744 1632
13 2 1888 1648 1952 1648
13 2 1952 1648 2000 1648
13 2 528 1664 656 1664
13 2 752 1664 800 1664
13 2 800 1664 1024 1664
13 2 1024 1664 1536 1664
13 2 1712 1664 1744 1664
13 2 800 1712 816 1712
13 2 912 1712 1040 1712
13 2 2000 1712 2048 1712
13 2 2272 1712 2368 1712
13 2 2512 1728 2560 1728
13 2 2656 1728 2768 1728
13 2 2032 1744 2048 1744
13 2 2320 1744 2368 1744
13 2 528 1776 656 1776
13 2 752 1776 800 1776
13 2 800 1776 1056 1776
13 2 800 1824 816 1824
13 2 912 1824 1072 1824
13 2 1952 1824 2032 1824
13 2 528 1888 656 1888
13 2 752 1888 800 1888
13 2 800 1888 1088 1888
13 2 800 1936 816 1936
13 2 912 1936 1104 1936
13 2 528 2000 656 2000
13 2 752 2000 800 2000
13 2 800 2000 1120 2000
13 2 800 2048 816 2048
13 2 912 2048 1136 2048
13 2 528 2128 656 2128
13 2 752 2128 1712 2128
13 2 1712 2128 1968 2128
13 2 2192 2128 2352 2128
13 2 1952 2160 1968 2160
13 2 2352 2160 2368 2160
13 2 2512 2176 2576 2176
13 2 2672 2176 2768 2176
13 2 2208 2192 2320 2192
13 2 2320 2192 2368 2192
13 2 528 2304 656 2304
13 2 752 2304 1968 2304
13 2 2192 2304 2208 2304
13 2 1952 2336 1968 2336
13 2 2352 2448 2368 2448
13 2 2512 2464 2576 2464
13 2 2672 2464 2768 2464
13 2 2208 2480 2368 2480
13 2 800 1664 800 1712
13 2 800 1776 800 1824
13 2 800 1888 800 1936
13 2 800 2000 800 2048
13 0 1024 592 1024 1120
13 2 1024 592 1024 1120
13 0 1024 1120 1024 1152
13 2 1024 1120 1024 1152
13 0 1024 1152 1024 1360
13 2 1024 1152 1024 1360
13 0 1024 1360 1024 1520
13 2 1024 1360 1024 1520
13 2 1024 1520 1024 1664
13 0 1040 368 1040 752
13 2 1040 368 1040 752
13 2 1040 752 1040 1712
13 0 1056 784 1056 1392
13 2 1056 784 1056 1392
13 0 1056 1392 1056 1424
13 2 1056 1392 1056 1424
13 2 1056 1424 1056 1776
13 0 1072 400 1072 528
13 2 1072 400 1072 528
13 0 1072 528 1072 560
13 2 1072 528 1072 560
13 0 1072 560 1072 656
13 2 1072 560 1072 656
13 0 1072 656 1072 848
13 2 1072 656 1072 848
13 0 1072 848 1072 1024
13 2 1072 848 1072 1024
13 0 1072 1024 1072 1088
13 2 1072 1024 1072 1088
13 2 1072 1088 1072 1824
13 0 1088 992 1088 1184
13 2 1088 992 1088 1184
13 2 1088 1184 1088 1888
13 0 1104 496 1104 880
13 2 1104 496 1104 880
13 0 1104 880 1104 1056
13 2 1104 880 1104 1056
13 0 1104 1056 1104 1280
13 2 1104 1056 1104 1280
13 0 1104 1280 1104 1600
13 2 1104 1280 1104 1600
13 2 1104 1600 1104 1936
13 0 1120 624 1120 960
13 2 1120 624 1120 960
13 0 1120 960 1120 1216
13 2 1120 960 1120 1216
13 0 1120 1216 1120 1456
13 2 1120 1216 1120 1456
13 0 1120 1456 1120 1632
13 2 1120 1456 1120 1632
13 2 1120 1632 1120 2000
13 0 1136 912 1136 1312
13 2 1136 912 1136 1312
13 2 1136 1312 1136 2048
13 2 1488 512 1488 544
13 2 1488 608 1488 640
13 2 1488 880 1488 960
13 2 1488 1024 1488 1088
13 2 1488 1184 1488 1264
13 2 1488 1328 1488 1376
13 2 1504 768 1504 928
13 2 1504 1360 1504 1440
13 0 1712 416 1712 608
13 2 1712 416 1712 608
13 0 1712 608 1712 1008
13 2 1712 608 1712 1008
13 0 1712 1008 1712 1344
13 2 1712 1008 1712 1344
13 0 1712 1344 1712 1552
13 2 1712 1344 1712 1552
13 0 1712 1552 1712 1664
13 2 1712 1552 1712 1664
13 2 1712 1664 1712 2128
13 0 1952 1824 1952 2160
13 2 1952 1824 1952 2160
13 2 1952 2160 1952 2336
13 2 2000 1648 2000 1712
13 0 2032 288 2032 432
13 2 2032 288 2032 432
13 0 2032 432 2032 624
13 2 2032 432 2032 624
13 0 2032 624 2032 1024
13 2 2032 624 2032 1024
13 0 2032 1024 2032 1360
13 2 2032 1024 2032 1360
13 0 2032 1360 2032 1568
13 2 2032 1360 2032 1568
13 0 2032 1568 2032 1744
13 2 2032 1568 2032 1744
13 2 2032 1744 2032 1824
13 0 2208 2192 2208 2304
13 2 2208 2192 2208 2304
13 2 2208 2304 2208 2480
13 0 2320 432 2320 624
13 2 2320 432 2320 624
13 0 2320 624 2320 1024
13 2 2320 624 2320 1024
13 0 2320 1024 2320 1360
13 2 2320 1024 2320 1360
13 0 2320 1360 2320 1568
13 2 2320 1360 2320 1568
13 0 2320 1568 2320 1744
13 2 2320 1568 2320 1744
13 2 2320 1744 2320 2192
13 0 2352 2128 2352 2160
13 2 2352 2128 2352 2160
13 2 2352 2160 2352 2448
13 7 528 288
13 8 528 288 0
13 7 2768 288
13 7 1952 400
13 7 2768 416
13 8 2768 416 0
13 7 1952 592
13 7 2768 608
13 8 2768 608 0
13 7 1952 992
13 7 2768 1008
13 8 2768 1008 0
13 7 1952 1328
13 7 2768 1344
13 8 2768 1344 0
13 7 1952 1536
13 7 2768 1552
13 8 2768 1552 0
13 7 1952 1648
13 7 528 1664
13 8 528 1664 0
13 7 2768 1728
13 8 2768 1728 0
13 7 528 1776
13 8 528 1776 0
13 7 528 1888
13 8 528 1888 0
13 7 528 2000
13 8 528 2000 0
13 7 528 2128
13 8 528 2128 0
13 7 2768 2176
13 8 2768 2176 0
13 7 528 2304
13 8 528 2304 0
13 7 2768 2464
13 8 2768 2464 0
17 0 2
17 0 82
17 0 24
17 0 22
17 0 20
17 0 19
17 0 23
17 0 8
17 0 10
17 0 11
17 0 31
17 0 30
17 0 18
17 0 83
17 0 50
17 0 46
17 0 15
17 0 79
17 0 84
17 0 49
17 0 48
17 0 47
17 0 45
17 0 51
17 0 77
17 0 75
17 0 16
17 0 80
17 0 33
17 0 29
17 0 28
17 0 17
17 0 34
17 0 35
17 0 38
17 0 36
17 0 1
17 0 41
17 0 40
17 0 37
17 0 32
17 0 88
17 0 42
17 0 39
17 0 52
17 0 63
17 0 72
17 0 73
17 0 78
17 0 74
17 0 64
17 0 61
17 0 62
17 0 100
17 0 118
17 0 117
17 0 116
17 0 and3 1072 800 0
17 0 ib 384 240 0
17 0 ib 384 2256 0
17 0 ib 384 2080 0
17 0 ib 384 1616 0
17 0 ib 384 1728 0
17 0 ib 384 1840 0
17 0 ib 384 1952 0
17 0 ob 2304 2416 0
17 0 ob 2304 2128 0
17 0 ob 2288 1680 0
17 0 ob 2288 1504 0
17 0 ob 2288 1296 0
17 0 ob 2288 960 0
17 0 ob 2288 560 0
17 0 ob 2288 368 0
17 0 nd2 1056 320 0
17 0 nd2 2096 2400 0
17 0 nd2 2096 2112 0
17 0 nd2 2096 352 0
17 0 nd2 2096 544 0
17 0 nd2 2096 944 0
17 0 nd2 2096 1280 0
17 0 nd2 2096 1488 0
17 0 nd2 2096 1664 0
17 0 and2 1056 576 0
17 0 and2 1056 448 0
17 0 and2 976 704 0
17 0 and2 1072 1376 0
17 0 and2 976 1312 0
17 0 and2 1072 1232 0
17 0 and2 976 512 0
17 0 nr3 1248 496 0
17 0 nr3 1264 1552 0
17 0 nr4 1264 880 0
17 0 nr4 1264 1216 0
17 0 nr2 1472 1584 0
17 0 nr2 1472 1264 0
17 0 nr2 1472 1472 0
17 0 nr2 1456 336 0
17 0 nr2 1456 528 0
17 0 nr2 1456 928 0
17 0 and3 976 912 0
17 0 and3 976 1104 0
17 0 and3 1056 1008 0
17 0 fd1s1a 1776 1280 0
17 0 fd1s1a 1776 1488 0
17 0 fd1s1a 1776 1664 0
17 0 fd1s1a 1696 2256 0
17 0 fd1s1a 1696 2080 0
17 0 fd1s1a 1776 352 0
17 0 fd1s1a 1776 544 0
17 0 fd1s1a 1776 944 0
17 0 inv 544 1664 0
17 0 inv 544 2000 0
17 0 inv 544 1888 0
17 0 inv 544 1776 0
13 0 256 288 384 288
13 0 480 288 1760 288
13 0 1760 288 2496 288
13 0 768 368 1056 368
13 0 1200 384 1456 384
13 0 800 400 1056 400
13 0 1600 400 1680 400
13 0 1680 400 1776 400
13 0 2000 400 2096 400
13 0 1440 416 1456 416
13 0 2240 416 2288 416
13 0 2384 416 2496 416
13 0 1760 432 1776 432
13 0 2048 432 2096 432
13 0 832 496 1056 496
13 0 1200 512 1216 512
13 0 800 528 1056 528
13 0 1216 544 1248 544
13 0 800 560 976 560
13 0 1120 576 1248 576
13 0 1408 576 1456 576
13 0 752 592 976 592
13 0 1600 592 1680 592
13 0 1680 592 1776 592
13 0 2000 592 2096 592
13 0 1216 608 1248 608
13 0 1440 608 1456 608
13 0 2240 608 2288 608
13 0 2384 608 2496 608
13 0 848 624 1056 624
13 0 1760 624 1776 624
13 0 2048 624 2096 624
13 0 1200 640 1216 640
13 0 800 656 1056 656
13 0 768 752 976 752
13 0 1120 768 1232 768
13 0 784 784 976 784
13 0 800 848 1072 848
13 0 832 880 1072 880
13 0 864 912 1072 912
13 0 1232 928 1264 928
13 0 848 960 976 960
13 0 1216 960 1264 960
13 0 1424 976 1456 976
13 0 816 992 976 992
13 0 1120 992 1264 992
13 0 1600 992 1680 992
13 0 1680 992 1776 992
13 0 2000 992 2096 992
13 0 1440 1008 1456 1008
13 0 2240 1008 2288 1008
13 0 2384 1008 2496 1008
13 0 800 1024 976 1024
13 0 1216 1024 1264 1024
13 0 1760 1024 1776 1024
13 0 2048 1024 2096 1024
13 0 832 1056 1056 1056
13 0 800 1088 1056 1088
13 0 1200 1088 1216 1088
13 0 752 1120 1056 1120
13 0 752 1152 976 1152
13 0 816 1184 976 1184
13 0 1120 1184 1216 1184
13 0 848 1216 976 1216
13 0 1216 1264 1264 1264
13 0 832 1280 1072 1280
13 0 1216 1296 1264 1296
13 0 864 1312 1072 1312
13 0 1424 1312 1472 1312
13 0 1216 1328 1264 1328
13 0 1616 1328 1680 1328
13 0 1680 1328 1776 1328
13 0 2000 1328 2096 1328
13 0 1440 1344 1472 1344
13 0 2240 1344 2288 1344
13 0 2384 1344 2496 1344
13 0 752 1360 976 1360
13 0 1232 1360 1264 1360
13 0 1760 1360 1776 1360
13 0 2048 1360 2096 1360
13 0 1120 1376 1216 1376
13 0 784 1392 976 1392
13 0 784 1424 1072 1424
13 0 1216 1440 1232 1440
13 0 848 1456 1072 1456
13 0 752 1520 1472 1520
13 0 1616 1536 1680 1536
13 0 1680 1536 1776 1536
13 0 2000 1536 2096 1536
13 0 1440 1552 1472 1552
13 0 2240 1552 2288 1552
13 0 2384 1552 2496 1552
13 0 1760 1568 1776 1568
13 0 2048 1568 2096 1568
13 0 832 1600 1264 1600
13 0 848 1632 1264 1632
13 0 1424 1632 1472 1632
13 0 1616 1648 1680 1648
13 0 1680 1648 1728 1648
13 0 256 1664 384 1664
13 0 480 1664 528 1664
13 0 528 1664 752 1664
13 0 752 1664 1264 1664
13 0 1440 1664 1472 1664
13 0 528 1712 544 1712
13 0 640 1712 768 1712
13 0 1728 1712 1776 1712
13 0 2000 1712 2096 1712
13 0 2240 1728 2288 1728
13 0 2384 1728 2496 1728
13 0 1760 1744 1776 1744
13 0 2048 1744 2096 1744
