Start: C:\tools\ispLEVER_Classic2_1\ispcpld\bin\syndpm -i ev68020_arbiter.laf -if laf -p ispLSI2096A-100LQ128 -pd "c:\users\yasuno\documents\dev\ev68020\pld\isplsi2096\ev68020_arbiter_isplsi2096e_100lq128\ver1\run4"  -of verilog -of vhdl

Project dir : C:\Users\Yasuno\Documents\dev\ev68020\pld\ispLSI2096\ev68020_arbiter_ispLSI2096E_100LQ128, project name : ev68020_arbiter
cmd line for CImpLegacy : -xpn ev68020_arbiter.xpn -xct ev68020_arbiter.xct -rsp ev68020_arbiter.rsp -par ev68020_arbiter.par -prj ev68020_arbiter -ues ev68020_arbiter.ues
Warning: can not open parent constraint file C:\tools\ispLEVER_Classic2_1\ispcpld\config/-
arg[0] = C:\tools\ispLEVER_Classic2_1\ispcomp\bin\dpm.exe
arg[1] = -i
arg[2] = "c:\users\yasuno\documents\dev\ev68020\pld\isplsi2096\ev68020_arbiter_isplsi2096e_100lq128\ver1\run4\ev68020_arbiter.laf"
arg[3] = -if
arg[4] = laf
arg[5] = -p
arg[6] = ispLSI2096A-100LQ128
arg[7] = -of
arg[8] = verilog
arg[9] = -of
arg[10] = vhdl
arg[11] = -s
arg[12] = a
arg[13] = -e
arg[14] = 3
arg[15] = -z
arg[16] = -m
arg[17] = 18
arg[18] = -n
arg[19] = 4
arg[20] = -c
arg[21] = -ta
arg[22] = on
arg[23] = -y
arg[24] = "c:\users\yasuno\documents\dev\ev68020\pld\isplsi2096\ev68020_arbiter_isplsi2096e_100lq128\ver1\run4\ev68020_arbiter.xpn"
arg[25] = -S
arg[26] = -r
arg[27] = "c:\users\yasuno\documents\dev\ev68020\pld\isplsi2096\ev68020_arbiter_isplsi2096e_100lq128\ver1\run4\ispxpert.par"
cmd line = C:\tools\ispLEVER_Classic2_1\ispcomp\bin\dpm.exe -i "c:\users\yasuno\documents\dev\ev68020\pld\isplsi2096\ev68020_arbiter_isplsi2096e_100lq128\ver1\run4\ev68020_arbiter.laf" -if laf -p ispLSI2096A-100LQ128 -of verilog -of vhdl -s a -e 3 -z -m 18 -n 4 -c -ta on -y "c:\users\yasuno\documents\dev\ev68020\pld\isplsi2096\ev68020_arbiter_isplsi2096e_100lq128\ver1\run4\ev68020_arbiter.xpn" -S -r "c:\users\yasuno\documents\dev\ev68020\pld\isplsi2096\ev68020_arbiter_isplsi2096e_100lq128\ver1\run4\ispxpert.par" 
ispEXPERT Compiler Release 2.1.00.02.49.20, May 20 2002 13:06:40

Copyright (C) 1994-2000 by Lattice Semiconductor Corporation.
All Rights Reserved.


Design Process Management 


Preprocessing design 'ev68020_arbiter'...

Processing design 'ev68020_arbiter'...


Logical LAF Reading and Translation 
  
Reading file 'c:\users\yasuno\documents\dev\ev68020\pld\isplsi2096\ev68-
      020_arbiter_isplsi2096e_100lq128\ver1\run4\ev68020_arbiter.laf'...
  
Checking design rules... 
Selected part is 'ispLSI2096A-100LQ128'; 'ispLSI2096E-100LQ128' is 
      recommended for new designs 
32504 WARNING: Attribute 'Y1_AS_RESET ON' is not valid for part 
      'ispLSI2096A-100LQ128'; attribute 'Y1_AS_RESET ON' is ignored 
32561 WARNING: Option 'OPENDRAIN OFF' is not valid for part 
      'ispLSI2096A-100LQ128'; option 'OPENDRAIN OFF' is ignored 
32513 WARNING: Net 'GND' is floating 
32513 WARNING: Net 'VCC' is floating 
  
Writing output files... 
  
Logical LAF reading and translation completed successfully 


Synthesis and Partitioning 
  
Reading design 'ev68020_arbiter'... 
33645 WARNING: Signal 'VCC' does not fan out 
33645 WARNING: Signal 'GND' does not fan out 
  
Optimizing logic with high effort... 
  
Trying to move PT reset signal to global reset pin... 
      PT reset signal cannot be moved to global reset pin because there 
      exists no PT reset signal 
      In order to move PT reset signal to global reset pin, the 
      following conditions need to be satisfied: 
      1. There exists at least one pin which drives all register's reset
      signals 
      2. This pin is unlocked 
      3. This pin does not drive any data signals 
      4. This pin can be disjointly decomposed with other pins, if any, 
      which drive reset signals 
  
Partitioning logic into 16-input, 18-input with DIs, functions to 
      minimize area... 
  
Estimated number of functions for the present 1-level netlist is 29 
  
Maximum number of functions for part 'ispLSI2096A-100LQ128' is 96 
  
Collapsing the netlist by relaxing product term and input constraints to
      find minimum level solution subject to the area increase limit of
      3.31... 
  
Estimated number of levels with the above area increase constraint is 1 
Partitioning logic into 16-input, 18-input with DIs, functions to 
      minimize area... 
  
Extracting LXOR2 gates to minimize area... 
  
Packing functions into GLBs using 16 inputs and 4 outputs per GLB to 
      minimize area... 
  
Synthesis and partitioning statistics: 
  
Number of Macrocells is 20 
Number of GLBs is 5 
Number of product terms is 40 
Maximum number of GLB levels is 1 
Average number of inputs per GLB is 6.0 
Average number of outputs per GLB is 4.0 
Average number of product terms per GLB is 8.0 
  
Synthesis and partitioning completed successfully 


Physical LAF Reading and Translation

Reading design 'ev68020_arbiter'...

Writing output files...

Physical LAF reading and translation completed successfully


Placement and Routing

Reading design 'ev68020_arbiter'...

Routing
.


Writing output files...

Placement and routing completed successfully


Technology Remapping 
  
Reading design 'ev68020_arbiter'... 
  
Remapping... 
  
Writing output files... 
  
Writing output lco files... 
  
Technology remapping completed successfully 


Physical LAF Reading and Translation

Reading design 'ev68020_arbiter'...

Writing output files...

Physical LAF reading and translation completed successfully


Fusemap Generation

Reading design 'ev68020_arbiter'...

Writing output files...

Fusemap generation completed successfully


Simulation LAF Netlist Generation

Reading design 'ev68020_arbiter'...

Writing output files...


Information: Global reset (XRESET) is generated to reset all registers



Simulation LAF netlist generation completed successfully


Timing Analyzer 
Reading design ev68020_arbiter .... 

Evaluating maximum operating frequency ...
Evaluating setup and hold times...
               
Calculating Tpd Path delays .....

43123 WARNING: There are no Tpd paths for this mode of analysis in this design
43020 WARNING: Design has only one register level

         
Timing analyzer completed successfully 



Lattice Verilog netlist writer
writing verilog netlist ...

writing SDF file ev68020_arbiter.sdf ...

MSG: Please use SDF file ev68020_arbiter.vsf for tools that do not support conditional delays.

writing SDF file ev68020_arbiter.vsf ...

Verilog netlist writer completed successfully.



Lattice VHDL netlist writer
Copyright (c) 1993 - 2000 by Lattice Semiconductor Corporation.
All Rights Reserved.

writing vhdl file ...

Please use the file: ev68020_arbiter.vho for non-VITAL VHDL timing simulation with max delay.


Please use the file: ev68020_arbiter.vhn for non-VITAL VHDL timing simulation with min delay.



Please use the VHDL netlist ev68020_arbiter.vto,
the SDF file ev68020_arbiter.sdf and Lattice Semiconductor VITAL library for
timing simulation with a VITAL compliant simulator.


writing SDF file ev68020_arbiter.sdf ...
VHDL netlist writer completed successfully.


Design process management completed successfully

Done: completed successfully

Start: C:\tools\ispLEVER_Classic2_1\ispcpld\bin\synsvf -exe "C:\tools\ispLEVER_Classic2_1\ispvmsystem/ispufw" -prj ev68020_arbiter -if ev68020_arbiter.jed -j2s -log ev68020_arbiter.svl 

Need not generate svf file according to the constraints, exit
Warning: can not open parent constraint file C:\tools\ispLEVER_Classic2_1\ispcpld\config/-
Done: completed successfully

Start: C:\tools\ispLEVER_Classic2_1\ispcpld\bin\synta -proj ev68020_arbiter -pd "c:\users\yasuno\documents\dev\ev68020\pld\isplsi2096\ev68020_arbiter_isplsi2096e_100lq128\ver1\run4" -dpm_only 

Timing Analyzer Software 
Copyright (c) 1999 by Lattice Semiconductor Corporation 
All Rights Reserved 

Reading design ev68020_arbiter .... 

Evaluating maximum operating frequency ...
Evaluating setup and hold times...
               
Calculating Tpd Path delays .....

Calculating Tco Path delays .....

43123 WARNING: There are no Tpd paths for this mode of analysis in this design
43020 WARNING: Design has only one register level

Timing analyzer completed successfully 

Done: completed successfully

