ispEXPERT Compiler Release 2.1.00.02.49.20, May 20 2002 13:06:40

Copyright (C) 1994-2000 by Lattice Semiconductor Corporation.
All Rights Reserved.


Design Process Management 


Preprocessing design 'ev68020_arbiter'...

Processing design 'ev68020_arbiter'...


Logical LAF Reading and Translation 
  
Reading file 'c:\users\yasuno\documents\dev\ev68020\pld\isplsi2096\ev68-
      020_arbiter_isplsi2096e_100lq128\ver1\run4\ev68020_arbiter.laf'...
  
Checking design rules... 
Selected part is 'ispLSI2096A-100LQ128'; 'ispLSI2096E-100LQ128' is 
      recommended for new designs 
32504 WARNING: Attribute 'Y1_AS_RESET ON' is not valid for part 
      'ispLSI2096A-100LQ128'; attribute 'Y1_AS_RESET ON' is ignored 
32561 WARNING: Option 'OPENDRAIN OFF' is not valid for part 
      'ispLSI2096A-100LQ128'; option 'OPENDRAIN OFF' is ignored 
32513 WARNING: Net 'GND' is floating 
32513 WARNING: Net 'VCC' is floating 
  
Writing output files... 
  
Logical LAF reading and translation completed successfully 


Synthesis and Partitioning 
  
Reading design 'ev68020_arbiter'... 
33645 WARNING: Signal 'VCC' does not fan out 
33645 WARNING: Signal 'GND' does not fan out 
  
Optimizing logic with high effort... 
  
Trying to move PT reset signal to global reset pin... 
      PT reset signal cannot be moved to global reset pin because there 
      exists no PT reset signal 
      In order to move PT reset signal to global reset pin, the 
      following conditions need to be satisfied: 
      1. There exists at least one pin which drives all register's reset
      signals 
      2. This pin is unlocked 
      3. This pin does not drive any data signals 
      4. This pin can be disjointly decomposed with other pins, if any, 
      which drive reset signals 
  
Partitioning logic into 16-input, 18-input with DIs, functions to 
      minimize area... 
  
Estimated number of functions for the present 1-level netlist is 29 
  
Maximum number of functions for part 'ispLSI2096A-100LQ128' is 96 
  
Collapsing the netlist by relaxing product term and input constraints to
      find minimum level solution subject to the area increase limit of
      3.31... 
  
Estimated number of levels with the above area increase constraint is 1 
Partitioning logic into 16-input, 18-input with DIs, functions to 
      minimize area... 
  
Extracting LXOR2 gates to minimize area... 
  
Packing functions into GLBs using 16 inputs and 4 outputs per GLB to 
      minimize area... 
  
Synthesis and partitioning statistics: 
  
Number of Macrocells is 20 
Number of GLBs is 5 
Number of product terms is 40 
Maximum number of GLB levels is 1 
Average number of inputs per GLB is 6.0 
Average number of outputs per GLB is 4.0 
Average number of product terms per GLB is 8.0 
  
Synthesis and partitioning completed successfully 


Physical LAF Reading and Translation

Reading design 'ev68020_arbiter'...

Writing output files...

Physical LAF reading and translation completed successfully


Placement and Routing

Reading design 'ev68020_arbiter'...

Routing
.


Writing output files...

Placement and routing completed successfully


Technology Remapping 
  
Reading design 'ev68020_arbiter'... 
  
Remapping... 
  
Writing output files... 
  
Writing output lco files... 
  
Technology remapping completed successfully 


Physical LAF Reading and Translation

Reading design 'ev68020_arbiter'...

Writing output files...

Physical LAF reading and translation completed successfully


Fusemap Generation

Reading design 'ev68020_arbiter'...

Writing output files...

Fusemap generation completed successfully


Simulation LAF Netlist Generation

Reading design 'ev68020_arbiter'...

Writing output files...


Information: Global reset (XRESET) is generated to reset all registers



Simulation LAF netlist generation completed successfully


Timing Analyzer 
Reading design ev68020_arbiter .... 

Evaluating maximum operating frequency...
Evaluating setup and hold times...
              
Calculating  Tpd Path delays ...

............

     
Timing analyzer completed successfully 



Lattice Verilog netlist writer
Copyright (c) 1993 - 2000 by Lattice Semiconductor Corporation.
All Rights Reserved.

writing verilog netlist ...

Verilog netlist writer completed successfully.



Lattice VHDL netlist writer
Copyright (c) 1993 - 2000 by Lattice Semiconductor Corporation.
All Rights Reserved.

writing vhdl file ...
VHDL netlist writer completed successfully.


Design process management completed successfully
