
Copyright (C) 1994-2023 Synopsys, Inc.
This Synopsys software and all associated documentation are proprietary to Synopsys, Inc.
and may only be used pursuant to the terms and conditions of a written license agreement
with Synopsys, Inc. All other use, reproduction, modification, or distribution of the
Synopsys software or the associated documentation is strictly prohibited.
Tool: Synplify Pro (R)
Build: V-2023.09L-2
Install: C:\tools\diamond_3.14\synpbase
OS: Windows 10 or later
Hostname: 4400JPY

Implementation : impl1
Synopsys HDL compiler and linker, Version comp202309synp1, Build 349R, Built Sep 17 2024 08:16:26, @

Modified Files: 1
FID:  path (prevtimestamp, timestamp)
0        C:\Users\Yasuno\Documents\dev\ev68020\pld\LCMXO2-256\impl1\arbiter_top.vhd (2025-01-10 03:41:23, 2025-01-13 19:48:02)

*******************************************************************
Modules that may have changed as a result of file changes: 1
MID:  lib.cell.view
0        work.arbiter_top.schematic may have changed because the following files changed:
                        C:\Users\Yasuno\Documents\dev\ev68020\pld\LCMXO2-256\impl1\arbiter_top.vhd (2025-01-10 03:41:23, 2025-01-13 19:48:02) <-- (architecture and entity definition)

*******************************************************************
Unmodified files: 11
FID:  path (timestamp)
1        C:\tools\diamond_3.14\cae_library\synthesis\vhdl\machxo2.vhd (2021-02-25 16:38:15)
2        C:\tools\diamond_3.14\synpbase\lib\lucent\machxo2.vhd (2024-09-17 15:02:44)
3        C:\tools\diamond_3.14\synpbase\lib\vhd\arith.vhd (2024-09-24 08:33:31)
4        C:\tools\diamond_3.14\synpbase\lib\vhd\hyperents.vhd (2024-09-24 08:33:34)
5        C:\tools\diamond_3.14\synpbase\lib\vhd\location.map (2024-09-24 08:33:34)
6        C:\tools\diamond_3.14\synpbase\lib\vhd\numeric.vhd (2024-09-24 08:33:34)
7        C:\tools\diamond_3.14\synpbase\lib\vhd\snps_haps_pkg.vhd (2024-09-24 08:33:34)
8        C:\tools\diamond_3.14\synpbase\lib\vhd\std.vhd (2024-09-24 08:33:34)
9        C:\tools\diamond_3.14\synpbase\lib\vhd\std1164.vhd (2024-09-24 08:33:34)
10       C:\tools\diamond_3.14\synpbase\lib\vhd\umr_capim.vhd (2024-09-24 08:33:34)
11       C:\tools\diamond_3.14\synpbase\lib\vhd\unsigned.vhd (2024-09-24 08:33:34)

*******************************************************************
Unchanged modules: 0
MID:  lib.cell.view
